Component: ARM Compiler 5.06 update 4 (build 422) Tool: armlink [4d35d2]

==============================================================================

Section Cross References

    startup_stm32l051xx.o(RESET) refers to startup_stm32l051xx.o(STACK) for __initial_sp
    startup_stm32l051xx.o(RESET) refers to startup_stm32l051xx.o(.text) for Reset_Handler
    startup_stm32l051xx.o(RESET) refers to sysirqhandlers.o(i.NMI_Handler) for NMI_Handler
    startup_stm32l051xx.o(RESET) refers to sysirqhandlers.o(i.HardFault_Handler) for HardFault_Handler
    startup_stm32l051xx.o(RESET) refers to board.o(i.SysTick_Handler) for SysTick_Handler
    startup_stm32l051xx.o(RESET) refers to rtc-board.o(i.RTC_IRQHandler) for RTC_IRQHandler
    startup_stm32l051xx.o(RESET) refers to gpio-board.o(i.EXTI0_1_IRQHandler) for EXTI0_1_IRQHandler
    startup_stm32l051xx.o(RESET) refers to gpio-board.o(i.EXTI2_3_IRQHandler) for EXTI2_3_IRQHandler
    startup_stm32l051xx.o(RESET) refers to gpio-board.o(i.EXTI4_15_IRQHandler) for EXTI4_15_IRQHandler
    startup_stm32l051xx.o(RESET) refers to uart-board.o(i.USART1_IRQHandler) for USART1_IRQHandler
    startup_stm32l051xx.o(.text) refers to system_stm32l0xx.o(i.SystemInit) for SystemInit
    startup_stm32l051xx.o(.text) refers to entry.o(.ARM.Collect$$$$00000000) for __main
    adc.o(i.AdcDeInit) refers to adc.o(.data) for AdcInitialized
    adc.o(i.AdcInit) refers to adc-board.o(i.AdcMcuInit) for AdcMcuInit
    adc.o(i.AdcInit) refers to adc-board.o(i.AdcMcuConfig) for AdcMcuConfig
    adc.o(i.AdcInit) refers to adc.o(.data) for AdcInitialized
    adc.o(i.AdcReadChannel) refers to adc-board.o(i.AdcMcuReadChannel) for AdcMcuReadChannel
    adc.o(i.AdcReadChannel) refers to adc.o(.data) for AdcInitialized
    delay.o(i.Delay) refers to fmul.o(.text) for __aeabi_fmul
    delay.o(i.Delay) refers to ffixui.o(.text) for __aeabi_f2uiz
    delay.o(i.Delay) refers to delay.o(i.DelayMs) for DelayMs
    delay.o(i.DelayMs) refers to delay-board.o(i.DelayMsMcu) for DelayMsMcu
    eeprom.o(i.EepromGetDeviceAddr) refers to eeprom-board.o(i.EepromMcuGetDeviceAddr) for EepromMcuGetDeviceAddr
    eeprom.o(i.EepromReadBuffer) refers to eeprom-board.o(i.EepromMcuReadBuffer) for EepromMcuReadBuffer
    eeprom.o(i.EepromSetDeviceAddr) refers to eeprom-board.o(i.EepromMcuSetDeviceAddr) for EepromMcuSetDeviceAddr
    eeprom.o(i.EepromWriteBuffer) refers to eeprom-board.o(i.EepromMcuWriteBuffer) for EepromMcuWriteBuffer
    fifo.o(i.FifoNext) refers to idiv.o(.text) for __aeabi_idivmod
    fifo.o(i.FifoPop) refers to fifo.o(i.FifoNext) for FifoNext
    fifo.o(i.FifoPush) refers to fifo.o(i.FifoNext) for FifoNext
    fifo.o(i.IsFifoFull) refers to fifo.o(i.FifoNext) for FifoNext
    gpio.o(i.GpioInit) refers to gpio-board.o(i.GpioMcuInit) for GpioMcuInit
    gpio.o(i.GpioRead) refers to gpio-board.o(i.GpioMcuRead) for GpioMcuRead
    gpio.o(i.GpioRemoveInterrupt) refers to gpio-board.o(i.GpioMcuRemoveInterrupt) for GpioMcuRemoveInterrupt
    gpio.o(i.GpioSetInterrupt) refers to gpio-board.o(i.GpioMcuSetInterrupt) for GpioMcuSetInterrupt
    gpio.o(i.GpioToggle) refers to gpio-board.o(i.GpioMcuToggle) for GpioMcuToggle
    gpio.o(i.GpioWrite) refers to gpio-board.o(i.GpioMcuWrite) for GpioMcuWrite
    timer.o(i.TimerExists) refers to timer.o(.data) for TimerListHead
    timer.o(i.TimerGetCurrentTime) refers to rtc-board.o(i.RtcGetTimerValue) for RtcGetTimerValue
    timer.o(i.TimerGetElapsedTime) refers to rtc-board.o(i.RtcComputeElapsedTime) for RtcComputeElapsedTime
    timer.o(i.TimerGetFutureTime) refers to rtc-board.o(i.RtcComputeFutureEventTime) for RtcComputeFutureEventTime
    timer.o(i.TimerGetValue) refers to rtc-board.o(i.RtcGetElapsedAlarmTime) for RtcGetElapsedAlarmTime
    timer.o(i.TimerInsertNewHeadTimer) refers to timer.o(i.TimerSetTimeout) for TimerSetTimeout
    timer.o(i.TimerInsertNewHeadTimer) refers to timer.o(.data) for TimerListHead
    timer.o(i.TimerInsertTimer) refers to timer.o(.data) for TimerListHead
    timer.o(i.TimerIrqHandler) refers to timer.o(i.TimerGetValue) for TimerGetValue
    timer.o(i.TimerIrqHandler) refers to timer.o(i.TimerSetTimeout) for TimerSetTimeout
    timer.o(i.TimerIrqHandler) refers to timer.o(.data) for TimerListHead
    timer.o(i.TimerLowPowerHandler) refers to board.o(i.GetBoardPowerSource) for GetBoardPowerSource
    timer.o(i.TimerLowPowerHandler) refers to timer.o(.data) for TimerListHead
    timer.o(i.TimerProcess) refers to rtc-board.o(i.RtcProcess) for RtcProcess
    timer.o(i.TimerReset) refers to timer.o(i.TimerStop) for TimerStop
    timer.o(i.TimerReset) refers to timer.o(i.TimerStart) for TimerStart
    timer.o(i.TimerSetTimeout) refers to rtc-board.o(i.RtcGetAdjustedTimeoutValue) for RtcGetAdjustedTimeoutValue
    timer.o(i.TimerSetTimeout) refers to rtc-board.o(i.RtcSetTimeout) for RtcSetTimeout
    timer.o(i.TimerSetTimeout) refers to timer.o(.data) for HasLoopedThroughMain
[...]
    __aeabi_cdcmpeq                          0x08000959   Thumb Code     0  cdcmple.o(.text)
    __aeabi_cdcmple                          0x08000959   Thumb Code    38  cdcmple.o(.text)
    __scatterload                            0x08000981   Thumb Code    28  init.o(.text)
    __scatterload_rt2                        0x08000981   Thumb Code     0  init.o(.text)
    _dsqrt                                   0x080009a5   Thumb Code   162  dsqrt.o(.text)
    __decompress                             0x08000a47   Thumb Code     0  __dczerorl2.o(.text)
    __decompress1                            0x08000a47   Thumb Code    86  __dczerorl2.o(.text)
    AES_CMAC_Final                           0x08000a9d   Thumb Code   452  cmac.o(i.AES_CMAC_Final)
    AES_CMAC_Init                            0x08000c61   Thumb Code    34  cmac.o(i.AES_CMAC_Init)
    AES_CMAC_SetKey                          0x08000c83   Thumb Code    18  cmac.o(i.AES_CMAC_SetKey)
    AES_CMAC_Update                          0x08000c95   Thumb Code   242  cmac.o(i.AES_CMAC_Update)
    BlockLowPowerDuringTask                  0x08000f51   Thumb Code    18  rtc-board.o(i.BlockLowPowerDuringTask)
    BoardDisableIrq                          0x08000f69   Thumb Code    14  board.o(i.BoardDisableIrq)
    BoardEnableIrq                           0x08000f7d   Thumb Code    22  board.o(i.BoardEnableIrq)
    BoardGetBatteryLevel                     0x08000f99   Thumb Code     4  board.o(i.BoardGetBatteryLevel)
    BoardInitMcu                             0x08000f9d   Thumb Code   194  board.o(i.BoardInitMcu)
    BoardInitPeriph                          0x0800107d   Thumb Code     2  board.o(i.BoardInitPeriph)
    DelayMs                                  0x08001259   Thumb Code    12  delay.o(i.DelayMs)
    DelayMsMcu                               0x08001265   Thumb Code    12  delay-board.o(i.DelayMsMcu)
    EXTI0_1_IRQHandler                       0x08001271   Thumb Code    20  gpio-board.o(i.EXTI0_1_IRQHandler)
    EXTI2_3_IRQHandler                       0x08001285   Thumb Code    20  gpio-board.o(i.EXTI2_3_IRQHandler)
    EXTI4_15_IRQHandler                      0x08001299   Thumb Code    96  gpio-board.o(i.EXTI4_15_IRQHandler)
    FifoInit                                 0x080012f9   Thumb Code    12  fifo.o(i.FifoInit)
    FifoPop                                  0x08001317   Thumb Code    30  fifo.o(i.FifoPop)
    FifoPush                                 0x08001335   Thumb Code    24  fifo.o(i.FifoPush)
    GetBoardPowerSource                      0x08001381   Thumb Code     4  board.o(i.GetBoardPowerSource)
    GpioInit                                 0x08001399   Thumb Code    34  gpio.o(i.GpioInit)
    GpioMcuInit                              0x080013bd   Thumb Code   312  gpio-board.o(i.GpioMcuInit)
    GpioMcuRead                              0x08001505   Thumb Code    32  gpio-board.o(i.GpioMcuRead)
    GpioMcuSetInterrupt                      0x08001525   Thumb Code   310  gpio-board.o(i.GpioMcuSetInterrupt)
    GpioMcuToggle                            0x0800166d   Thumb Code    40  gpio-board.o(i.GpioMcuToggle)
    GpioMcuWrite                             0x08001695   Thumb Code    44  gpio-board.o(i.GpioMcuWrite)
    GpioRead                                 0x080016c1   Thumb Code    12  gpio.o(i.GpioRead)
    GpioSetInterrupt                         0x080016cd   Thumb Code    24  gpio.o(i.GpioSetInterrupt)
    GpioToggle                               0x080016e5   Thumb Code    12  gpio.o(i.GpioToggle)
    GpioWrite                                0x080016f1   Thumb Code    16  gpio.o(i.GpioWrite)
    HAL_DBGMCU_EnableDBGSleepMode            0x08001701   Thumb Code    14  stm32l0xx_hal.o(i.HAL_DBGMCU_EnableDBGSleepMode)
    HAL_DBGMCU_EnableDBGStandbyMode          0x08001715   Thumb Code    14  stm32l0xx_hal.o(i.HAL_DBGMCU_EnableDBGStandbyMode)
    HAL_DBGMCU_EnableDBGStopMode             0x08001729   Thumb Code    14  stm32l0xx_hal.o(i.HAL_DBGMCU_EnableDBGStopMode)
    HAL_Delay                                0x0800173d   Thumb Code    26  stm32l0xx_hal.o(i.HAL_Delay)
    HAL_GPIO_EXTI_Callback                   0x08001759   Thumb Code    42  gpio-board.o(i.HAL_GPIO_EXTI_Callback)
    HAL_GPIO_EXTI_IRQHandler                 0x08001789   Thumb Code    26  stm32l0xx_hal_gpio.o(i.HAL_GPIO_EXTI_IRQHandler)
    HAL_GPIO_Init                            0x080017a9   Thumb Code   462  stm32l0xx_hal_gpio.o(i.HAL_GPIO_Init)
    HAL_GPIO_ReadPin                         0x08001995   Thumb Code    18  stm32l0xx_hal_gpio.o(i.HAL_GPIO_ReadPin)
    HAL_GPIO_TogglePin                       0x080019a7   Thumb Code     8  stm32l0xx_hal_gpio.o(i.HAL_GPIO_TogglePin)
    HAL_GPIO_WritePin                        0x080019af   Thumb Code    12  stm32l0xx_hal_gpio.o(i.HAL_GPIO_WritePin)
    HAL_GetTick                              0x080019bd   Thumb Code     6  stm32l0xx_hal.o(i.HAL_GetTick)
    HAL_IncTick                              0x080019c9   Thumb Code    12  stm32l0xx_hal.o(i.HAL_IncTick)
    HAL_Init                                 0x080019d9   Thumb Code    28  stm32l0xx_hal.o(i.HAL_Init)
    HAL_InitTick                             0x080019f9   Thumb Code    36  stm32l0xx_hal.o(i.HAL_InitTick)
    HAL_MspInit                              0x08001a21   Thumb Code     2  stm32l0xx_hal.o(i.HAL_MspInit)
    HAL_NVIC_EnableIRQ                       0x08001a25   Thumb Code    18  stm32l0xx_hal_cortex.o(i.HAL_NVIC_EnableIRQ)
    HAL_NVIC_SetPriority                     0x08001a3d   Thumb Code    18  stm32l0xx_hal_cortex.o(i.HAL_NVIC_SetPriority)
    HAL_RCCEx_PeriphCLKConfig                0x08001a51   Thumb Code   500  stm32l0xx_hal_rcc_ex.o(i.HAL_RCCEx_PeriphCLKConfig)
    HAL_RCC_ClockConfig                      0x08001c51   Thumb Code   482  stm32l0xx_hal_rcc.o(i.HAL_RCC_ClockConfig)
    HAL_RCC_GetHCLKFreq                      0x08001e49   Thumb Code     6  stm32l0xx_hal_rcc.o(i.HAL_RCC_GetHCLKFreq)
    HAL_RCC_GetPCLK1Freq                     0x08001e55   Thumb Code    26  stm32l0xx_hal_rcc.o(i.HAL_RCC_GetPCLK1Freq)
    HAL_RCC_GetPCLK2Freq                     0x08001e79   Thumb Code    26  stm32l0xx_hal_rcc.o(i.HAL_RCC_GetPCLK2Freq)
    HAL_RCC_GetSysClockFreq                  0x08001e9d   Thumb Code   214  stm32l0xx_hal_rcc.o(i.HAL_RCC_GetSysClockFreq)
    HAL_RCC_OscConfig                        0x08001f89   Thumb Code  1522  stm32l0xx_hal_rcc.o(i.HAL_RCC_OscConfig)
    HAL_RTCEx_AlarmBEventCallback            0x08002589   Thumb Code     2  stm32l0xx_hal_rtc_ex.o(i.HAL_RTCEx_AlarmBEventCallback)
    HAL_RTCEx_EnableBypassShadow             0x0800258b   Thumb Code    88  stm32l0xx_hal_rtc_ex.o(i.HAL_RTCEx_EnableBypassShadow)
    HAL_RTC_AlarmAEventCallback              0x080025e3   Thumb Code     2  stm32l0xx_hal_rtc.o(i.HAL_RTC_AlarmAEventCallback)
    HAL_RTC_AlarmIRQHandler                  0x080025e5   Thumb Code   124  stm32l0xx_hal_rtc.o(i.HAL_RTC_AlarmIRQHandler)
    HAL_RTC_DeactivateAlarm                  0x0800266d   Thumb Code   274  stm32l0xx_hal_rtc.o(i.HAL_RTC_DeactivateAlarm)
    HAL_RTC_GetAlarm                         0x08002781   Thumb Code   236  stm32l0xx_hal_rtc.o(i.HAL_RTC_GetAlarm)
    HAL_RTC_GetDate                          0x08002871   Thumb Code    88  stm32l0xx_hal_rtc.o(i.HAL_RTC_GetDate)
    HAL_RTC_GetTime                          0x080028cd   Thumb Code   104  stm32l0xx_hal_rtc.o(i.HAL_RTC_GetTime)
    HAL_RTC_Init                             0x08002939   Thumb Code   196  stm32l0xx_hal_rtc.o(i.HAL_RTC_Init)
    HAL_RTC_MspInit                          0x08002a01   Thumb Code     2  stm32l0xx_hal_rtc.o(i.HAL_RTC_MspInit)
    HAL_RTC_SetAlarm_IT                      0x08002a05   Thumb Code   590  stm32l0xx_hal_rtc.o(i.HAL_RTC_SetAlarm_IT)
    HAL_RTC_SetDate                          0x08002c61   Thumb Code   298  stm32l0xx_hal_rtc.o(i.HAL_RTC_SetDate)
    HAL_RTC_SetTime                          0x08002d91   Thumb Code   336  stm32l0xx_hal_rtc.o(i.HAL_RTC_SetTime)
    HAL_RTC_WaitForSynchro                   0x08002ee5   Thumb Code    60  stm32l0xx_hal_rtc.o(i.HAL_RTC_WaitForSynchro)
    HAL_SPI_Init                             0x08002f21   Thumb Code   142  stm32l0xx_hal_spi.o(i.HAL_SPI_Init)
    HAL_SPI_MspInit                          0x08002faf   Thumb Code     2  stm32l0xx_hal_spi.o(i.HAL_SPI_MspInit)
    HAL_SYSTICK_CLKSourceConfig              0x08002fb1   Thumb Code    32  stm32l0xx_hal_cortex.o(i.HAL_SYSTICK_CLKSourceConfig)
    HAL_SYSTICK_Callback                     0x08002fd5   Thumb Code     2  stm32l0xx_hal_cortex.o(i.HAL_SYSTICK_Callback)
    HAL_SYSTICK_Config                       0x08002fd9   Thumb Code    46  stm32l0xx_hal_cortex.o(i.HAL_SYSTICK_Config)
    HAL_SYSTICK_IRQHandler                   0x08003011   Thumb Code     8  stm32l0xx_hal_cortex.o(i.HAL_SYSTICK_IRQHandler)
    HAL_UARTEx_WakeupCallback                0x08003019   Thumb Code     2  stm32l0xx_hal_uart_ex.o(i.HAL_UARTEx_WakeupCallback)
    HAL_UART_ErrorCallback                   0x0800301d   Thumb Code    16  uart-board.o(i.HAL_UART_ErrorCallback)
    HAL_UART_IRQHandler                      0x08003035   Thumb Code   354  stm32l0xx_hal_uart.o(i.HAL_UART_IRQHandler)
    HAL_UART_Init                            0x08003197   Thumb Code   124  stm32l0xx_hal_uart.o(i.HAL_UART_Init)
    HAL_UART_MspInit                         0x08003213   Thumb Code     2  stm32l0xx_hal_uart.o(i.HAL_UART_MspInit)
    HAL_UART_Receive_IT                      0x08003215   Thumb Code   214  stm32l0xx_hal_uart.o(i.HAL_UART_Receive_IT)
    HAL_UART_RxCpltCallback                  0x080032f1   Thumb Code    56  uart-board.o(i.HAL_UART_RxCpltCallback)
    HAL_UART_Transmit_IT                     0x08003335   Thumb Code   110  stm32l0xx_hal_uart.o(i.HAL_UART_Transmit_IT)
    HAL_UART_TxCpltCallback                  0x080033a5   Thumb Code    54  uart-board.o(i.HAL_UART_TxCpltCallback)
    HardFault_Handler                        0x080033e9   Thumb Code     4  sysirqhandlers.o(i.HardFault_Handler)
    IsFifoEmpty                              0x080033fb   Thumb Code    18  fifo.o(i.IsFifoEmpty)
    IsFifoFull                               0x0800340d   Thumb Code    26  fifo.o(i.IsFifoFull)
    LoRaMacComputeMic                        0x08003451   Thumb Code   134  loramaccrypto.o(i.LoRaMacComputeMic)
    LoRaMacInitialization                    0x080034e5   Thumb Code   700  loramac.o(i.LoRaMacInitialization)
    LoRaMacJoinComputeMic                    0x0800381d   Thumb Code    74  loramaccrypto.o(i.LoRaMacJoinComputeMic)
    LoRaMacJoinComputeSKeys                  0x08003871   Thumb Code   136  loramaccrypto.o(i.LoRaMacJoinComputeSKeys)
    LoRaMacJoinDecrypt                       0x080038fd   Thumb Code    60  loramaccrypto.o(i.LoRaMacJoinDecrypt)
    LoRaMacMcpsRequest                       0x0800393d   Thumb Code   354  loramac.o(i.LoRaMacMcpsRequest)
    LoRaMacMibGetRequestConfirm              0x08003ac5   Thumb Code   368  loramac.o(i.LoRaMacMibGetRequestConfirm)
    LoRaMacMibSetRequestConfirm              0x08003c71   Thumb Code   780  loramac.o(i.LoRaMacMibSetRequestConfirm)
    LoRaMacMlmeRequest                       0x08003fc5   Thumb Code   318  loramac.o(i.LoRaMacMlmeRequest)
    LoRaMacPayloadDecrypt                    0x08004129   Thumb Code    36  loramaccrypto.o(i.LoRaMacPayloadDecrypt)
    LoRaMacPayloadEncrypt                    0x0800414d   Thumb Code   210  loramaccrypto.o(i.LoRaMacPayloadEncrypt)
    LoRaMacQueryTxPossible                   0x0800422d   Thumb Code   210  loramac.o(i.LoRaMacQueryTxPossible)
    NMI_Handler                              0x0800471f   Thumb Code     2  sysirqhandlers.o(i.NMI_Handler)
    OLED_Clear                               0x08004799   Thumb Code    42  oled-board.o(i.OLED_Clear)
    OLED_DrawPoint                           0x080047c9   Thumb Code   102  oled-board.o(i.OLED_DrawPoint)
    OLED_Init                                0x08004835   Thumb Code   378  oled-board.o(i.OLED_Init)
    OLED_Refresh_Gram                        0x080049b9   Thumb Code    70  oled-board.o(i.OLED_Refresh_Gram)
    OLED_ShowChar                            0x08004a05   Thumb Code   206  oled-board.o(i.OLED_ShowChar)
    OLED_ShowString_Line                     0x08004ad9   Thumb Code    30  oled-board.o(i.OLED_ShowString_Line)
    OLED_ShowString_XY                       0x08004af7   Thumb Code    98  oled-board.o(i.OLED_ShowString_XY)
    OLED_WR_Byte                             0x08004b59   Thumb Code   142  oled-board.o(i.OLED_WR_Byte)
    PrepareFrame                             0x08005c85   Thumb Code   988  loramac.o(i.PrepareFrame)
    RTC_Bcd2ToByte                           0x080065d9   Thumb Code    26  stm32l0xx_hal_rtc.o(i.RTC_Bcd2ToByte)
    RTC_ByteToBcd2                           0x080065f3   Thumb Code    26  stm32l0xx_hal_rtc.o(i.RTC_ByteToBcd2)
    RTC_EnterInitMode                        0x0800660d   Thumb Code    66  stm32l0xx_hal_rtc.o(i.RTC_EnterInitMode)
    RTC_IRQHandler                           0x08006651   Thumb Code    38  rtc-board.o(i.RTC_IRQHandler)
    RadioCheckRfFrequency                    0x0800667d   Thumb Code     6  radio.o(i.RadioCheckRfFrequency)
    RadioGetStatus                           0x080066c1   Thumb Code    36  radio.o(i.RadioGetStatus)
    RadioGetWakeupTime                       0x080066e5   Thumb Code    10  radio.o(i.RadioGetWakeupTime)
    RadioInit                                0x080066f1   Thumb Code    78  radio.o(i.RadioInit)
    RadioIrqProcess                          0x08006761   Thumb Code   436  radio.o(i.RadioIrqProcess)
    RadioIsChannelFree                       0x080069a9   Thumb Code    92  radio.o(i.RadioIsChannelFree)
    RadioOnDioIrq                            0x08006a05   Thumb Code     8  radio.o(i.RadioOnDioIrq)
    RadioOnRxTimeoutIrq                      0x08006a11   Thumb Code    30  radio.o(i.RadioOnRxTimeoutIrq)
    RadioOnTxTimeoutIrq                      0x08006a35   Thumb Code    30  radio.o(i.RadioOnTxTimeoutIrq)
    RadioRandom                              0x08006a59   Thumb Code    54  radio.o(i.RadioRandom)
    RadioRead                                0x08006a8f   Thumb Code    12  radio.o(i.RadioRead)
    RadioReadBuffer                          0x08006a9b   Thumb Code    20  radio.o(i.RadioReadBuffer)
    RadioRssi                                0x08006aaf   Thumb Code    10  radio.o(i.RadioRssi)
    RadioRx                                  0x08006ab9   Thumb Code    62  radio.o(i.RadioRx)
    RadioRxBoosted                           0x08006b0d   Thumb Code    62  radio.o(i.RadioRxBoosted)
    RadioSend                                0x08006b61   Thumb Code   102  radio.o(i.RadioSend)
    RadioSetChannel                          0x08006bed   Thumb Code    12  radio.o(i.RadioSetChannel)
    RadioSetMaxPayloadLength                 0x08006bf9   Thumb Code    46  radio.o(i.RadioSetMaxPayloadLength)
    RadioSetModem                            0x08006c31   Thumb Code    66  radio.o(i.RadioSetModem)
    RadioSetPublicNetwork                    0x08006c79   Thumb Code    60  radio.o(i.RadioSetPublicNetwork)
    RadioSetRxConfig                         0x08006cbd   Thumb Code   514  radio.o(i.RadioSetRxConfig)
    RadioSetRxDutyCycle                      0x08006ef1   Thumb Code    16  radio.o(i.RadioSetRxDutyCycle)
    RadioSetTxConfig                         0x08006f01   Thumb Code   390  radio.o(i.RadioSetTxConfig)
    RadioSetTxContinuousWave                 0x080070a5   Thumb Code    68  radio.o(i.RadioSetTxContinuousWave)
    RadioSleep                               0x080070f1   Thumb Code    32  radio.o(i.RadioSleep)
    RadioStandby                             0x08007111   Thumb Code    10  radio.o(i.RadioStandby)
    RadioStartCad                            0x0800711b   Thumb Code     8  radio.o(i.RadioStartCad)
    RadioTimeOnAir                           0x08007125   Thumb Code   516  radio.o(i.RadioTimeOnAir)
    RadioWrite                               0x08007349   Thumb Code    16  radio.o(i.RadioWrite)
    RadioWriteBuffer                         0x08007359   Thumb Code    20  radio.o(i.RadioWriteBuffer)
    RegionAdrNext                            0x0800736d   Thumb Code    32  region.o(i.RegionAdrNext)
    RegionAlternateDr                        0x0800738d   Thumb Code    22  region.o(i.RegionAlternateDr)
    RegionApplyCFList                        0x080073a3   Thumb Code    24  region.o(i.RegionApplyCFList)
    RegionApplyDrOffset                      0x080073bb   Thumb Code    30  region.o(i.RegionApplyDrOffset)
    RegionCN470AdrNext                       0x080073d9   Thumb Code   150  regioncn470.o(i.RegionCN470AdrNext)
    RegionCN470AlternateDr                   0x08007475   Thumb Code     2  regioncn470.o(i.RegionCN470AlternateDr)
    RegionCN470ApplyCFList                   0x08007477   Thumb Code     2  regioncn470.o(i.RegionCN470ApplyCFList)
    RegionCN470ApplyDrOffset                 0x08007479   Thumb Code    18  regioncn470.o(i.RegionCN470ApplyDrOffset)
    RegionCN470CalcBackOff                   0x0800748d   Thumb Code    50  regioncn470.o(i.RegionCN470CalcBackOff)
    RegionCN470ChanMaskSet                   0x080074c9   Thumb Code    50  regioncn470.o(i.RegionCN470ChanMaskSet)
    RegionCN470ComputeRxWindowParameters     0x08007505   Thumb Code    96  regioncn470.o(i.RegionCN470ComputeRxWindowParameters)
    RegionCN470DlChannelReq                  0x08007571   Thumb Code     6  regioncn470.o(i.RegionCN470DlChannelReq)
    RegionCN470GetPhyParam                   0x08007579   Thumb Code   250  regioncn470.o(i.RegionCN470GetPhyParam)
    RegionCN470InitDefaults                  0x0800769d   Thumb Code   124  regioncn470.o(i.RegionCN470InitDefaults)
    RegionCN470LinkAdrReq                    0x0800772d   Thumb Code   330  regioncn470.o(i.RegionCN470LinkAdrReq)
    RegionCN470NewChannelReq                 0x08007881   Thumb Code     6  regioncn470.o(i.RegionCN470NewChannelReq)
    RegionCN470NextChannel                   0x08007889   Thumb Code   202  regioncn470.o(i.RegionCN470NextChannel)
    RegionCN470RxConfig                      0x08007979   Thumb Code   180  regioncn470.o(i.RegionCN470RxConfig)
    RegionCN470RxParamSetupReq               0x08007a65   Thumb Code    94  regioncn470.o(i.RegionCN470RxParamSetupReq)
    RegionCN470SetBandTxDone                 0x08007ad5   Thumb Code    32  regioncn470.o(i.RegionCN470SetBandTxDone)
    RegionCN470SetContinuousWave             0x08007afd   Thumb Code    80  regioncn470.o(i.RegionCN470SetContinuousWave)
    RegionCN470TxConfig                      0x08007b5d   Thumb Code   180  regioncn470.o(i.RegionCN470TxConfig)
    RegionCN470TxParamSetupReq               0x08007c3d   Thumb Code     8  regioncn470.o(i.RegionCN470TxParamSetupReq)
    RegionCN470Verify                        0x08007c45   Thumb Code   108  regioncn470.o(i.RegionCN470Verify)
    RegionCalcBackOff                        0x08007cb1   Thumb Code    24  region.o(i.RegionCalcBackOff)
    RegionChanMaskSet                        0x08007cc9   Thumb Code    22  region.o(i.RegionChanMaskSet)
    RegionCommonCalcBackOff                  0x08007cdf   Thumb Code   136  regioncommon.o(i.RegionCommonCalcBackOff)
    RegionCommonChanMaskCopy                 0x08007d67   Thumb Code    34  regioncommon.o(i.RegionCommonChanMaskCopy)
    RegionCommonChanVerifyDr                 0x08007d89   Thumb Code   128  regioncommon.o(i.RegionCommonChanVerifyDr)
    RegionCommonComputeRxWindowParameters    0x08007e09   Thumb Code   276  regioncommon.o(i.RegionCommonComputeRxWindowParameters)
    RegionCommonComputeSymbolTimeLoRa        0x08007f21   Thumb Code    56  regioncommon.o(i.RegionCommonComputeSymbolTimeLoRa)
    RegionCommonComputeTxPower               0x08007f5d   Thumb Code    66  regioncommon.o(i.RegionCommonComputeTxPower)
    RegionCommonCountChannels                0x08007f9f   Thumb Code    52  regioncommon.o(i.RegionCommonCountChannels)
    RegionCommonGetJoinDc                    0x08007fd5   Thumb Code    30  regioncommon.o(i.RegionCommonGetJoinDc)
    RegionCommonLinkAdrReqVerifyParams       0x08008001   Thumb Code   172  regioncommon.o(i.RegionCommonLinkAdrReqVerifyParams)
    RegionCommonParseLinkAdrReq              0x080080ad   Thumb Code    72  regioncommon.o(i.RegionCommonParseLinkAdrReq)
    RegionCommonSetBandTxDone                0x080080f5   Thumb Code    14  regioncommon.o(i.RegionCommonSetBandTxDone)
    RegionCommonUpdateBandTimeOff            0x08008105   Thumb Code   384  regioncommon.o(i.RegionCommonUpdateBandTimeOff)
    RegionCommonValueInRange                 0x0800835d   Thumb Code    18  regioncommon.o(i.RegionCommonValueInRange)
    RegionComputeRxWindowParameters          0x0800836f   Thumb Code    34  region.o(i.RegionComputeRxWindowParameters)
    RegionDlChannelReq                       0x08008391   Thumb Code    22  region.o(i.RegionDlChannelReq)
    RegionGetPhyParam                        0x080083a7   Thumb Code    28  region.o(i.RegionGetPhyParam)
    RegionInitDefaults                       0x080083c3   Thumb Code    24  region.o(i.RegionInitDefaults)
    RegionIsActive                           0x080083db   Thumb Code    14  region.o(i.RegionIsActive)
    RegionLinkAdrReq                         0x080083e9   Thumb Code    36  region.o(i.RegionLinkAdrReq)
    RegionNewChannelReq                      0x0800840d   Thumb Code    22  region.o(i.RegionNewChannelReq)
    RegionNextChannel                        0x08008423   Thumb Code    32  region.o(i.RegionNextChannel)
    RegionRxConfig                           0x08008443   Thumb Code    26  region.o(i.RegionRxConfig)
    RegionRxParamSetupReq                    0x0800845d   Thumb Code    22  region.o(i.RegionRxParamSetupReq)
    RegionSetBandTxDone                      0x08008473   Thumb Code    26  region.o(i.RegionSetBandTxDone)
    RegionSetContinuousWave                  0x0800848d   Thumb Code    24  region.o(i.RegionSetContinuousWave)
    RegionTxConfig                           0x080084a5   Thumb Code    30  region.o(i.RegionTxConfig)
    RegionTxParamSetupReq                    0x080084c3   Thumb Code    22  region.o(i.RegionTxParamSetupReq)
    RegionVerify                             0x080084d9   Thumb Code    26  region.o(i.RegionVerify)
    RtcComputeElapsedTime                    0x08008615   Thumb Code    46  rtc-board.o(i.RtcComputeElapsedTime)
    RtcGetAdjustedTimeoutValue               0x08008991   Thumb Code    62  rtc-board.o(i.RtcGetAdjustedTimeoutValue)
    RtcGetElapsedAlarmTime                   0x08008a31   Thumb Code    46  rtc-board.o(i.RtcGetElapsedAlarmTime)
    RtcGetTimerValue                         0x08008a65   Thumb Code    26  rtc-board.o(i.RtcGetTimerValue)
    RtcInit                                  0x08008a81   Thumb Code   146  rtc-board.o(i.RtcInit)
    RtcRecoverMcuStatus                      0x08008b29   Thumb Code    68  rtc-board.o(i.RtcRecoverMcuStatus)
    RtcSetTimeout                            0x08008b79   Thumb Code    18  rtc-board.o(i.RtcSetTimeout)
    SX126xAntSwOff                           0x08008c59   Thumb Code     2  sx1262dvk1das-board.o(i.SX126xAntSwOff)
    SX126xAntSwOn                            0x08008c5b   Thumb Code     2  sx1262dvk1das-board.o(i.SX126xAntSwOn)
    SX126xCalibrate                          0x08008c5d   Thumb Code    14  sx126x.o(i.SX126xCalibrate)
    SX126xCalibrateImage                     0x08008c6d   Thumb Code   104  sx126x.o(i.SX126xCalibrateImage)
    SX126xCheckDeviceReady                   0x08008ce9   Thumb Code    32  sx126x.o(i.SX126xCheckDeviceReady)
    SX126xClearIrqStatus                     0x08008d09   Thumb Code    26  sx126x.o(i.SX126xClearIrqStatus)
    SX126xGetBoardTcxoWakeupTime             0x08008d23   Thumb Code     4  sx1262dvk1das-board.o(i.SX126xGetBoardTcxoWakeupTime)
    SX126xGetIrqStatus                       0x08008d27   Thumb Code    24  sx126x.o(i.SX126xGetIrqStatus)
    SX126xGetOperatingMode                   0x08008d41   Thumb Code     6  sx126x.o(i.SX126xGetOperatingMode)
    SX126xGetPaSelect                        0x08008d4d   Thumb Code     6  sx1262dvk1das-board.o(i.SX126xGetPaSelect)
    SX126xGetPacketStatus                    0x08008d55   Thumb Code   154  sx126x.o(i.SX126xGetPacketStatus)
    SX126xGetPacketType                      0x08008df5   Thumb Code     6  sx126x.o(i.SX126xGetPacketType)
    SX126xGetPayload                         0x08008e01   Thumb Code    46  sx126x.o(i.SX126xGetPayload)
    SX126xGetRssiInst                        0x08008e2f   Thumb Code    28  sx126x.o(i.SX126xGetRssiInst)
    SX126xGetRxBufferStatus                  0x08008e4d   Thumb Code    62  sx126x.o(i.SX126xGetRxBufferStatus)
    SX126xInit                               0x08008e91   Thumb Code    62  sx126x.o(i.SX126xInit)
    SX126xIoInit                             0x08008ed5   Thumb Code    62  sx1262dvk1das-board.o(i.SX126xIoInit)
    SX126xIoIrqInit                          0x08008f19   Thumb Code    18  sx1262dvk1das-board.o(i.SX126xIoIrqInit)
    SX126xReadBuffer                         0x08008f31   Thumb Code    88  sx1262dvk1das-board.o(i.SX126xReadBuffer)
    SX126xReadCommand                        0x08008f8d   Thumb Code    78  sx1262dvk1das-board.o(i.SX126xReadCommand)
    SX126xReadRegister                       0x08008fe1   Thumb Code    20  sx1262dvk1das-board.o(i.SX126xReadRegister)
    SX126xReadRegisters                      0x08008ff5   Thumb Code   104  sx1262dvk1das-board.o(i.SX126xReadRegisters)
    SX126xReset                              0x08009061   Thumb Code    58  sx1262dvk1das-board.o(i.SX126xReset)
    SX126xSendPayload                        0x080090a1   Thumb Code    24  sx126x.o(i.SX126xSendPayload)
    SX126xSetBufferBaseAddress               0x080090b9   Thumb Code    24  sx126x.o(i.SX126xSetBufferBaseAddress)
    SX126xSetCad                             0x080090d1   Thumb Code    20  sx126x.o(i.SX126xSetCad)
    SX126xSetCrcPolynomial                   0x080090e9   Thumb Code    40  sx126x.o(i.SX126xSetCrcPolynomial)
    SX126xSetCrcSeed                         0x08009115   Thumb Code    40  sx126x.o(i.SX126xSetCrcSeed)
    SX126xSetDio2AsRfSwitchCtrl              0x08009141   Thumb Code    14  sx126x.o(i.SX126xSetDio2AsRfSwitchCtrl)
    SX126xSetDio3AsTcxoCtrl                  0x0800914f   Thumb Code    44  sx126x.o(i.SX126xSetDio3AsTcxoCtrl)
    SX126xSetDioIrqParams                    0x0800917b   Thumb Code    62  sx126x.o(i.SX126xSetDioIrqParams)
    SX126xSetLoRaSymbNumTimeout              0x080091b9   Thumb Code    14  sx126x.o(i.SX126xSetLoRaSymbNumTimeout)
    SX126xSetModulationParams                0x080091c9   Thumb Code   252  sx126x.o(i.SX126xSetModulationParams)
    SX126xSetPaConfig                        0x080092d5   Thumb Code    32  sx126x.o(i.SX126xSetPaConfig)
    SX126xSetPacketParams                    0x080092f5   Thumb Code   190  sx126x.o(i.SX126xSetPacketParams)
    SX126xSetPacketType                      0x080093c9   Thumb Code    22  sx126x.o(i.SX126xSetPacketType)
    SX126xSetPayload                         0x080093e5   Thumb Code    18  sx126x.o(i.SX126xSetPayload)
    SX126xSetRegulatorMode                   0x080093f7   Thumb Code    14  sx126x.o(i.SX126xSetRegulatorMode)
    SX126xSetRfFrequency                     0x08009405   Thumb Code   124  sx126x.o(i.SX126xSetRfFrequency)
    SX126xSetRfTxPower                       0x0800948d   Thumb Code    14  sx1262dvk1das-board.o(i.SX126xSetRfTxPower)
    SX126xSetRx                              0x0800949d   Thumb Code    40  sx126x.o(i.SX126xSetRx)
    SX126xSetRxBoosted                       0x080094c9   Thumb Code    48  sx126x.o(i.SX126xSetRxBoosted)
    SX126xSetRxDutyCycle                     0x08009501   Thumb Code    60  sx126x.o(i.SX126xSetRxDutyCycle)
    SX126xSetSleep                           0x08009541   Thumb Code    24  sx126x.o(i.SX126xSetSleep)
    SX126xSetStandby                         0x0800955d   Thumb Code    36  sx126x.o(i.SX126xSetStandby)
    SX126xSetStopRxTimerOnPreambleDetect     0x08009585   Thumb Code    14  sx126x.o(i.SX126xSetStopRxTimerOnPreambleDetect)
    SX126xSetSyncWord                        0x08009593   Thumb Code    20  sx126x.o(i.SX126xSetSyncWord)
    SX126xSetTx                              0x080095a9   Thumb Code    40  sx126x.o(i.SX126xSetTx)
    SX126xSetTxContinuousWave                0x080095d5   Thumb Code    14  sx126x.o(i.SX126xSetTxContinuousWave)
    SX126xSetTxParams                        0x080095e5   Thumb Code   130  sx126x.o(i.SX126xSetTxParams)
    SX126xSetWhiteningSeed                   0x0800966d   Thumb Code    60  sx126x.o(i.SX126xSetWhiteningSeed)
    SX126xWaitOnBusy                         0x080096ad   Thumb Code    16  sx1262dvk1das-board.o(i.SX126xWaitOnBusy)
    SX126xWakeup                             0x080096c1   Thumb Code    52  sx1262dvk1das-board.o(i.SX126xWakeup)
    SX126xWriteBuffer                        0x080096f9   Thumb Code    76  sx1262dvk1das-board.o(i.SX126xWriteBuffer)
    SX126xWriteCommand                       0x08009749   Thumb Code    70  sx1262dvk1das-board.o(i.SX126xWriteCommand)
    SX126xWriteRegister                      0x08009795   Thumb Code    16  sx1262dvk1das-board.o(i.SX126xWriteRegister)
    SX126xWriteRegisters                     0x080097a5   Thumb Code    92  sx1262dvk1das-board.o(i.SX126xWriteRegisters)
    Send                                     0x08009991   Thumb Code   130  loramac.o(i.Send)
    SendFrameOnChannel                       0x08009ab1   Thumb Code   154  loramac.o(i.SendFrameOnChannel)
    SetTxContinuousWave                      0x08009b95   Thumb Code    88  loramac.o(i.SetTxContinuousWave)
    SetTxContinuousWave1                     0x08009c01   Thumb Code    52  loramac.o(i.SetTxContinuousWave1)
    SpiFormat                                0x08009c41   Thumb Code   166  spi-board.o(i.SpiFormat)
    SpiFrequency                             0x08009ced   Thumb Code    84  spi-board.o(i.SpiFrequency)
    SpiInOut                                 0x08009d49   Thumb Code   148  spi-board.o(i.SpiInOut)
    SpiInit                                  0x08009de1   Thumb Code   376  spi-board.o(i.SpiInit)
    SysTick_Handler                          0x08009f6d   Thumb Code    12  board.o(i.SysTick_Handler)
    SystemInit                               0x0800a0b5   Thumb Code    88  system_stm32l0xx.o(i.SystemInit)
    TimerGetCurrentTime                      0x0800a13d   Thumb Code     8  timer.o(i.TimerGetCurrentTime)
    TimerGetElapsedTime                      0x0800a145   Thumb Code    12  timer.o(i.TimerGetElapsedTime)
    TimerGetValue                            0x0800a151   Thumb Code     8  timer.o(i.TimerGetValue)
    TimerInit                                0x0800a159   Thumb Code    14  timer.o(i.TimerInit)
    TimerIrqHandler                          0x0800a20d   Thumb Code   144  timer.o(i.TimerIrqHandler)
    TimerLowPowerHandler                     0x0800a2a1   Thumb Code    52  timer.o(i.TimerLowPowerHandler)
    TimerSetValue                            0x0800a2fd   Thumb Code    18  timer.o(i.TimerSetValue)
    TimerStart                               0x0800a311   Thumb Code   138  timer.o(i.TimerStart)
    TimerStop                                0x0800a3a1   Thumb Code   238  timer.o(i.TimerStop)
    UART_AdvFeatureConfig                    0x0800a495   Thumb Code   240  stm32l0xx_hal_uart.o(i.UART_AdvFeatureConfig)
    UART_CheckIdleState                      0x0800a585   Thumb Code    96  stm32l0xx_hal_uart.o(i.UART_CheckIdleState)
    UART_SetConfig                           0x0800a6b1   Thumb Code  1220  stm32l0xx_hal_uart.o(i.UART_SetConfig)
    UART_WaitOnFlagUntilTimeout              0x0800abf3   Thumb Code   264  stm32l0xx_hal_uart.o(i.UART_WaitOnFlagUntilTimeout)
    USART1_IRQHandler                        0x0800acfd   Thumb Code    10  uart-board.o(i.USART1_IRQHandler)
    UartConfig                               0x0800ad0d   Thumb Code    36  uart.o(i.UartConfig)
    UartInit                                 0x0800ad31   Thumb Code    34  uart.o(i.UartInit)
    UartMcuConfig                            0x0800ad55   Thumb Code   288  uart-board.o(i.UartMcuConfig)
    UartMcuInit                              0x0800ae81   Thumb Code    98  uart-board.o(i.UartMcuInit)
    UartMcuPutChar                           0x0800aee9   Thumb Code    70  uart-board.o(i.UartMcuPutChar)
    UartPutChar                              0x0800af39   Thumb Code    16  uart.o(i.UartPutChar)
    __0printf$5                              0x0800afa5   Thumb Code    24  printf5.o(i.__0printf$5)
    __1printf$5                              0x0800afa5   Thumb Code     0  printf5.o(i.__0printf$5)
    __2printf                                0x0800afa5   Thumb Code     0  printf5.o(i.__0printf$5)
    __ARM_clz                                0x0800afc5   Thumb Code    46  depilogue.o(i.__ARM_clz)
    __ARM_common_switch8                     0x0800aff3   Thumb Code    28  gpio-board.o(i.__ARM_common_switch8)
    __ARM_fpclassify                         0x0800b011   Thumb Code    40  fpclassify.o(i.__ARM_fpclassify)
    __kernel_poly                            0x0800b03d   Thumb Code   172  poly.o(i.__kernel_poly)
    __mathlib_dbl_divzero                    0x0800b0e9   Thumb Code    16  dunder.o(i.__mathlib_dbl_divzero)
    __mathlib_dbl_infnan2                    0x0800b0fd   Thumb Code     8  dunder.o(i.__mathlib_dbl_infnan2)
    __mathlib_dbl_invalid                    0x0800b105   Thumb Code    16  dunder.o(i.__mathlib_dbl_invalid)
    __mathlib_dbl_overflow                   0x0800b115   Thumb Code    16  dunder.o(i.__mathlib_dbl_overflow)
    __mathlib_dbl_underflow                  0x0800b129   Thumb Code    14  dunder.o(i.__mathlib_dbl_underflow)
    __scatterload_copy                       0x0800b13d   Thumb Code    14  handlers.o(i.__scatterload_copy)
    __scatterload_null                       0x0800b14b   Thumb Code     2  handlers.o(i.__scatterload_null)
    __scatterload_zeroinit                   0x0800b14d   Thumb Code    14  handlers.o(i.__scatterload_zeroinit)
    __set_errno                              0x0800b15d   Thumb Code     6  errno.o(i.__set_errno)
    aes_encrypt                              0x0800b455   Thumb Code    90  aes.o(i.aes_encrypt)
    aes_set_key                              0x0800b4b1   Thumb Code   280  aes.o(i.aes_set_key)
    ceil                                     0x0800b5cd   Thumb Code   180  ceil.o(i.ceil)
    floor                                    0x0800b775   Thumb Code   180  floor.o(i.floor)
    fputc                                    0x0800b83d   Thumb Code    24  board.o(i.fputc)
    key_init                                 0x0800b859   Thumb Code    40  key-board.o(i.key_init)
    key_interrupt_callback                   0x0800b889   Thumb Code    18  key-board.o(i.key_interrupt_callback)
    main                                     0x0800b8a1   Thumb Code   384  main.o(i.main)
    memcpy1                                  0x0800bad1   Thumb Code    24  utilities.o(i.memcpy1)
    memcpyr                                  0x0800bae9   Thumb Code    28  utilities.o(i.memcpyr)
    memset1                                  0x0800bb05   Thumb Code    20  utilities.o(i.memset1)
    pow                                      0x0800bd9d   Thumb Code  2548  pow.o(i.pow)
    rand1                                    0x0800c799   Thumb Code    30  utilities.o(i.rand1)
    randr                                    0x0800c7c9   Thumb Code    26  utilities.o(i.randr)
    rint                                     0x0800c7e3   Thumb Code     8  rint.o(i.rint)
    round                                    0x0800c7ed   Thumb Code   142  round.o(i.round)
    sqrt                                     0x0800c8f9   Thumb Code    66  sqrt.o(i.sqrt)
    srand1                                   0x0800c941   Thumb Code     6  utilities.o(i.srand1)
    AHBPrescTable                            0x0800c9e6   Data          16  system_stm32l0xx.o(.constdata)
    APBPrescTable                            0x0800c9f6   Data           8  system_stm32l0xx.o(.constdata)
    PLLMulTable                              0x0800c9fe   Data           9  system_stm32l0xx.o(.constdata)
    asc2_1206                                0x0800ca07   Data        1140  oled-board.o(.constdata)
    Radio                                    0x0800d1c8   Data         108  radio.o(.constdata)
    FskBandwidths                            0x0800d234   Data         176  radio.o(.constdata)
    Bandwidths                               0x0800d2e4   Data           3  radio.o(.constdata)
    __mathlib_zero                           0x0800d370   Data           8  qnan.o(.constdata)
    Region$$Table$$Base                      0x0800d378   Number         0  anon$$obj.o(Region$$Table)
    Region$$Table$$Limit                     0x0800d398   Number         0  anon$$obj.o(Region$$Table)
    HasLoopedThroughMain                     0x20000000   Data           1  timer.o(.data)
    NonScheduledWakeUp                       0x2000000c   Data           1  rtc-board.o(.data)
    McuWakeUpTime                            0x20000014   Data           4  rtc-board.o(.data)
    RxData                                   0x20000018   Data           1  uart-board.o(.data)
    TxData                                   0x20000019   Data           1  uart-board.o(.data)
    SystemCoreClock                          0x2000001c   Data           4  system_stm32l0xx.o(.data)
    uwTick                                   0x20000024   Data           4  stm32l0xx_hal.o(.data)
    LoRaMacState                             0x2000007c   Data           4  loramac.o(.data)
    TxTimeOnAir                              0x20000094   Data           4  loramac.o(.data)
    LoRaMacFlags                             0x2000009a   Data           1  loramac.o(.data)
    Bands                                    0x200000bc   Data          16  regioncn470.o(.data)
    MaxPayloadLength                         0x20000160   Data           1  radio.o(.data)
    TxTimeout                                0x20000164   Data           4  radio.o(.data)
    RxTimeout                                0x20000168   Data           4  radio.o(.data)
    RxContinuous                             0x2000016c   Data           1  radio.o(.data)
    IrqFired                                 0x2000016d   Data           1  radio.o(.data)
    FrequencyError                           0x20000178   Data           4  sx126x.o(.data)
    __stdout                                 0x200001d0   Data           4  stdout.o(.data)
    Led_green                                0x200001d8   Data          12  board.o(.bss)
    Led_red                                  0x200001e4   Data          12  board.o(.bss)
    key                                      0x200001f0   Data          16  board.o(.bss)
    Uart1                                    0x20000200   Data          56  board.o(.bss)
    Uart1TxBuffer                            0x2000024c   Data         512  board.o(.bss)
    Uart1RxBuffer                            0x2000044c   Data         512  board.o(.bss)
    RtcCalendarContext                       0x2000068c   Data          24  rtc-board.o(.bss)
    RtcHandle                                0x200006a4   Data          36  rtc-board.o(.bss)
    OLED_GRAM                                0x200007e8   Data        1024  oled-board.o(.bss)
    LoRaMacParams                            0x20000f08   Data          56  loramac.o(.bss)
    LoRaMacParamsDefaults                    0x20000f40   Data          56  loramac.o(.bss)
    RadioPktStatus                           0x200012fc   Data          20  radio.o(.bss)
    RadioRxPayload                           0x20001310   Data         255  radio.o(.bss)
    SX126x                                   0x20001410   Data         172  radio.o(.bss)
    TxTimeoutTimer                           0x200014bc   Data          20  radio.o(.bss)
    RxTimeoutTimer                           0x200014d0   Data          20  radio.o(.bss)
    ComplianceTest                           0x200015ec   Data          20  main.o(.bss)
    __initial_sp                             0x20001a00   Data           0  startup_stm32l051xx.o(STACK)



==============================================================================

Memory Map of the image

  Image Entry point : 0x080000c1

  Load Region LR_IROM1 (Base: 0x08000000, Size: 0x0000d570, Max: 0x00010000, ABSOLUTE, COMPRESSED[0x0000d3f0])

    Execution Region ER_IROM1 (Base: 0x08000000, Size: 0x0000d398, Max: 0x00010000, ABSOLUTE)

    Base Addr    Size         Type   Attr      Idx    E Section Name        Object

    0x08000000   0x000000c0   Data   RO            3    RESET               startup_stm32l051xx.o
    0x080000c0   0x00000000   Code   RO         6776  * .ARM.Collect$$$$00000000  mc_p.l(entry.o)
    0x080000c0   0x00000004   Code   RO         7111    .ARM.Collect$$$$00000001  mc_p.l(entry2.o)
    0x080000c4   0x00000004   Code   RO         7114    .ARM.Collect$$$$00000004  mc_p.l(entry5.o)
    0x080000c8   0x00000000   Code   RO         7116    .ARM.Collect$$$$00000008  mc_p.l(entry7b.o)
    0x080000c8   0x00000000   Code   RO         7118    .ARM.Collect$$$$0000000A  mc_p.l(entry8b.o)
    0x080000c8   0x00000008   Code   RO         7119    .ARM.Collect$$$$0000000B  mc_p.l(entry9a.o)
    0x080000d0   0x00000000   Code   RO         7121    .ARM.Collect$$$$0000000D  mc_p.l(entry10a.o)
    0x080000d0   0x00000000   Code   RO         7123    .ARM.Collect$$$$0000000F  mc_p.l(entry11a.o)
    0x080000d0   0x00000004   Code   RO         7112    .ARM.Collect$$$$00002712  mc_p.l(entry2.o)
    0x080000d4   0x0000001c   Code   RO            4    .text               startup_stm32l051xx.o
    0x080000f0   0x0000002c   Code   RO         6779    .text               mc_p.l(uidiv.o)
    0x0800011c   0x00000028   Code   RO         6781    .text               mc_p.l(idiv.o)
    0x08000144   0x00000060   Code   RO         6783    .text               mc_p.l(uldiv.o)
    0x080001a4   0x00000024   Code   RO         6785    .text               mc_p.l(memcpya.o)
    0x080001c8   0x00000024   Code   RO         6787    .text               mc_p.l(memseta.o)
    0x080001ec   0x000000b2   Code   RO         7052    .text               mf_p.l(fadd.o)
    0x0800029e   0x00000002   PAD
    0x080002a0   0x00000164   Code   RO         7056    .text               mf_p.l(dadd.o)
    0x08000404   0x000000d0   Code   RO         7058    .text               mf_p.l(dmul.o)
    0x080004d4   0x000000f0   Code   RO         7060    .text               mf_p.l(ddiv.o)
    0x080005c4   0x0000000e   Code   RO         7064    .text               mf_p.l(ffltui.o)
    0x080005d2   0x00000002   PAD
    0x080005d4   0x00000028   Code   RO         7066    .text               mf_p.l(dflti.o)
    0x080005fc   0x0000001c   Code   RO         7068    .text               mf_p.l(dfltui.o)
    0x08000618   0x0000001c   Code   RO         7070    .text               mf_p.l(dfltul.o)
    0x08000634   0x00000048   Code   RO         7074    .text               mf_p.l(dfixi.o)
    0x0800067c   0x0000003c   Code   RO         7076    .text               mf_p.l(dfixui.o)
    0x080006b8   0x00000028   Code   RO         7078    .text               mf_p.l(f2d.o)
    0x080006e0   0x00000028   Code   RO         7080    .text               mf_p.l(cdrcmple.o)
    0x08000708   0x00000020   Code   RO         7126    .text               mc_p.l(llshl.o)
    0x08000728   0x00000022   Code   RO         7128    .text               mc_p.l(llushr.o)
    0x0800074a   0x00000026   Code   RO         7130    .text               mc_p.l(llsshr.o)
    0x08000770   0x00000000   Code   RO         7139    .text               mc_p.l(iusefp.o)
    0x08000770   0x00000082   Code   RO         7140    .text               mf_p.l(fepilogue.o)
    0x080007f2   0x000000be   Code   RO         7142    .text               mf_p.l(depilogue.o)
    0x080008b0   0x0000002c   Code   RO         7146    .text               mf_p.l(dscalb.o)
    0x080008dc   0x0000007c   Code   RO         7148    .text               mf_p.l(drnd.o)
    0x08000958   0x00000028   Code   RO         7152    .text               mf_p.l(cdcmple.o)
    0x08000980   0x00000024   Code   RO         7154    .text               mc_p.l(init.o)
    0x080009a4   0x000000a2   Code   RO         7156    .text               mf_p.l(dsqrt.o)
    0x08000a46   0x00000056   Code   RO         7166    .text               mc_p.l(__dczerorl2.o)
    0x08000a9c   0x000001c4   Code   RO         4146    i.AES_CMAC_Final    cmac.o
    0x08000c60   0x00000022   Code   RO         4147    i.AES_CMAC_Init     cmac.o
    0x08000c82   0x00000012   Code   RO         4148    i.AES_CMAC_SetKey   cmac.o
    0x08000c94   0x000000f2   Code   RO         4149    i.AES_CMAC_Update   cmac.o
    0x08000d86   0x00000002   PAD
    0x08000d88   0x000001c8   Code   RO         3758    i.AddMacCommand     loramac.o
    0x08000f50   0x00000018   Code   RO          832    i.BlockLowPowerDuringTask  rtc-board.o
    0x08000f68   0x00000014   Code   RO          565    i.BoardDisableIrq   board.o
    0x08000f7c   0x0000001c   Code   RO          566    i.BoardEnableIrq    board.o
    0x08000f98   0x00000004   Code   RO          567    i.BoardGetBatteryLevel  board.o
    0x08000f9c   0x000000e0   Code   RO          571    i.BoardInitMcu      board.o
    0x0800107c   0x00000002   Code   RO          572    i.BoardInitPeriph   board.o
    0x0800107e   0x00000010   Code   RO          574    i.BoardUnusedIoInit  board.o
    0x0800108e   0x00000002   PAD
    0x08001090   0x00000070   Code   RO         3759    i.CalculateBackOff  loramac.o
    0x08001100   0x00000040   Code   RO          575    i.CalibrateSystemWakeupTime  board.o
    0x08001140   0x00000038   Code   RO         3760    i.CheckToDisableAckTimeout  loramac.o
    0x08001178   0x00000028   Code   RO         4330    i.CountChannels     regioncommon.o
    0x080011a0   0x000000b8   Code   RO         4444    i.CountNbOfEnabledChannels  regioncn470.o
    0x08001258   0x0000000c   Code   RO           59    i.DelayMs           delay.o
    0x08001264   0x0000000c   Code   RO          693    i.DelayMsMcu        delay-board.o
    0x08001270   0x00000014   Code   RO          751    i.EXTI0_1_IRQHandler  gpio-board.o
    0x08001284   0x00000014   Code   RO          752    i.EXTI2_3_IRQHandler  gpio-board.o
    0x08001298   0x00000060   Code   RO          753    i.EXTI4_15_IRQHandler  gpio-board.o
    0x080012f8   0x0000000c   Code   RO          119    i.FifoInit          fifo.o
    0x08001304   0x00000012   Code   RO          120    i.FifoNext          fifo.o
    0x08001316   0x0000001e   Code   RO          121    i.FifoPop           fifo.o
    0x08001334   0x00000018   Code   RO          122    i.FifoPush          fifo.o
    0x0800134c   0x00000034   Code   RO         4445    i.GetBandwidth      regioncn470.o
    0x08001380   0x00000004   Code   RO          576    i.GetBoardPowerSource  board.o
    0x08001384   0x00000014   Code   RO         4446    i.GetNextLowerTxDr  regioncn470.o
    0x08001398   0x00000022   Code   RO          168    i.GpioInit          gpio.o
    0x080013ba   0x00000002   PAD
    0x080013bc   0x00000148   Code   RO          754    i.GpioMcuInit       gpio-board.o
    0x08001504   0x00000020   Code   RO          755    i.GpioMcuRead       gpio-board.o
    0x08001524   0x00000148   Code   RO          757    i.GpioMcuSetInterrupt  gpio-board.o
    0x0800166c   0x00000028   Code   RO          758    i.GpioMcuToggle     gpio-board.o
    0x08001694   0x0000002c   Code   RO          759    i.GpioMcuWrite      gpio-board.o
    0x080016c0   0x0000000c   Code   RO          169    i.GpioRead          gpio.o
    0x080016cc   0x00000018   Code   RO          171    i.GpioSetInterrupt  gpio.o
    0x080016e4   0x0000000c   Code   RO          172    i.GpioToggle        gpio.o
    0x080016f0   0x00000010   Code   RO          173    i.GpioWrite         gpio.o
    0x08001700   0x00000014   Code   RO         1533    i.HAL_DBGMCU_EnableDBGSleepMode  stm32l0xx_hal.o
    0x08001714   0x00000014   Code   RO         1534    i.HAL_DBGMCU_EnableDBGStandbyMode  stm32l0xx_hal.o
    0x08001728   0x00000014   Code   RO         1535    i.HAL_DBGMCU_EnableDBGStopMode  stm32l0xx_hal.o
    0x0800173c   0x0000001a   Code   RO         1537    i.HAL_Delay         stm32l0xx_hal.o
    0x08001756   0x00000002   PAD
    0x08001758   0x00000030   Code   RO          760    i.HAL_GPIO_EXTI_Callback  gpio-board.o
    0x08001788   0x00000020   Code   RO         2430    i.HAL_GPIO_EXTI_IRQHandler  stm32l0xx_hal_gpio.o
    0x080017a8   0x000001ec   Code   RO         2431    i.HAL_GPIO_Init     stm32l0xx_hal_gpio.o
    0x08001994   0x00000012   Code   RO         2433    i.HAL_GPIO_ReadPin  stm32l0xx_hal_gpio.o
    0x080019a6   0x00000008   Code   RO         2434    i.HAL_GPIO_TogglePin  stm32l0xx_hal_gpio.o
    0x080019ae   0x0000000c   Code   RO         2435    i.HAL_GPIO_WritePin  stm32l0xx_hal_gpio.o
    0x080019ba   0x00000002   PAD
    0x080019bc   0x0000000c   Code   RO         1541    i.HAL_GetTick       stm32l0xx_hal.o
    0x080019c8   0x00000010   Code   RO         1542    i.HAL_IncTick       stm32l0xx_hal.o
    0x080019d8   0x00000020   Code   RO         1543    i.HAL_Init          stm32l0xx_hal.o
    0x080019f8   0x00000028   Code   RO         1544    i.HAL_InitTick      stm32l0xx_hal.o
    0x08001a20   0x00000002   Code   RO         1546    i.HAL_MspInit       stm32l0xx_hal.o
    0x08001a22   0x00000002   PAD
    0x08001a24   0x00000018   Code   RO         1935    i.HAL_NVIC_EnableIRQ  stm32l0xx_hal_cortex.o
    0x08001a3c   0x00000012   Code   RO         1939    i.HAL_NVIC_SetPriority  stm32l0xx_hal_cortex.o
    0x08001a4e   0x00000002   PAD
    0x08001a50   0x00000200   Code   RO         2755    i.HAL_RCCEx_PeriphCLKConfig  stm32l0xx_hal_rcc_ex.o
    0x08001c50   0x000001f8   Code   RO         2657    i.HAL_RCC_ClockConfig  stm32l0xx_hal_rcc.o
    0x08001e48   0x0000000c   Code   RO         2661    i.HAL_RCC_GetHCLKFreq  stm32l0xx_hal_rcc.o
    0x08001e54   0x00000024   Code   RO         2663    i.HAL_RCC_GetPCLK1Freq  stm32l0xx_hal_rcc.o
    0x08001e78   0x00000024   Code   RO         2664    i.HAL_RCC_GetPCLK2Freq  stm32l0xx_hal_rcc.o
    0x08001e9c   0x000000ec   Code   RO         2665    i.HAL_RCC_GetSysClockFreq  stm32l0xx_hal_rcc.o
    0x08001f88   0x00000600   Code   RO         2668    i.HAL_RCC_OscConfig  stm32l0xx_hal_rcc.o
    0x08002588   0x00000002   Code   RO         2944    i.HAL_RTCEx_AlarmBEventCallback  stm32l0xx_hal_rtc_ex.o
    0x0800258a   0x00000058   Code   RO         2953    i.HAL_RTCEx_EnableBypassShadow  stm32l0xx_hal_rtc_ex.o
    0x080025e2   0x00000002   Code   RO         2810    i.HAL_RTC_AlarmAEventCallback  stm32l0xx_hal_rtc.o
    0x080025e4   0x00000088   Code   RO         2811    i.HAL_RTC_AlarmIRQHandler  stm32l0xx_hal_rtc.o
    0x0800266c   0x00000112   Code   RO         2813    i.HAL_RTC_DeactivateAlarm  stm32l0xx_hal_rtc.o
    0x0800277e   0x00000002   PAD
    0x08002780   0x000000f0   Code   RO         2814    i.HAL_RTC_GetAlarm  stm32l0xx_hal_rtc.o
    0x08002870   0x0000005c   Code   RO         2815    i.HAL_RTC_GetDate   stm32l0xx_hal_rtc.o
    0x080028cc   0x0000006c   Code   RO         2817    i.HAL_RTC_GetTime   stm32l0xx_hal_rtc.o
    0x08002938   0x000000c8   Code   RO         2818    i.HAL_RTC_Init      stm32l0xx_hal_rtc.o
    0x08002a00   0x00000002   Code   RO         2820    i.HAL_RTC_MspInit   stm32l0xx_hal_rtc.o
    0x08002a02   0x00000002   PAD
    0x08002a04   0x0000025c   Code   RO         2823    i.HAL_RTC_SetAlarm_IT  stm32l0xx_hal_rtc.o
    0x08002c60   0x00000130   Code   RO         2824    i.HAL_RTC_SetDate   stm32l0xx_hal_rtc.o
    0x08002d90   0x00000154   Code   RO         2825    i.HAL_RTC_SetTime   stm32l0xx_hal_rtc.o
    0x08002ee4   0x0000003c   Code   RO         2826    i.HAL_RTC_WaitForSynchro  stm32l0xx_hal_rtc.o
    0x08002f20   0x0000008e   Code   RO         3164    i.HAL_SPI_Init      stm32l0xx_hal_spi.o
    0x08002fae   0x00000002   Code   RO         3166    i.HAL_SPI_MspInit   stm32l0xx_hal_spi.o
    0x08002fb0   0x00000024   Code   RO         1941    i.HAL_SYSTICK_CLKSourceConfig  stm32l0xx_hal_cortex.o
    0x08002fd4   0x00000002   Code   RO         1942    i.HAL_SYSTICK_Callback  stm32l0xx_hal_cortex.o
    0x08002fd6   0x00000002   PAD
    0x08002fd8   0x00000038   Code   RO         1943    i.HAL_SYSTICK_Config  stm32l0xx_hal_cortex.o
    0x08003010   0x00000008   Code   RO         1944    i.HAL_SYSTICK_IRQHandler  stm32l0xx_hal_cortex.o
    0x08003018   0x00000002   Code   RO         3684    i.HAL_UARTEx_WakeupCallback  stm32l0xx_hal_uart_ex.o
    0x0800301a   0x00000002   PAD
    0x0800301c   0x00000018   Code   RO          964    i.HAL_UART_ErrorCallback  uart-board.o
    0x08003034   0x00000162   Code   RO         3435    i.HAL_UART_IRQHandler  stm32l0xx_hal_uart.o
    0x08003196   0x0000007c   Code   RO         3436    i.HAL_UART_Init     stm32l0xx_hal_uart.o
    0x08003212   0x00000002   Code   RO         3438    i.HAL_UART_MspInit  stm32l0xx_hal_uart.o
    0x08003214   0x000000dc   Code   RO         3441    i.HAL_UART_Receive_IT  stm32l0xx_hal_uart.o
    0x080032f0   0x00000044   Code   RO          965    i.HAL_UART_RxCpltCallback  uart-board.o
    0x08003334   0x0000006e   Code   RO         3446    i.HAL_UART_Transmit_IT  stm32l0xx_hal_uart.o
    0x080033a2   0x00000002   PAD
    0x080033a4   0x00000044   Code   RO          966    i.HAL_UART_TxCpltCallback  uart-board.o
    0x080033e8   0x00000004   Code   RO         1482    i.HardFault_Handler  sysirqhandlers.o
    0x080033ec   0x0000000e   Code   RO         3761    i.IsFPortAllowed    loramac.o
    0x080033fa   0x00000012   Code   RO          123    i.IsFifoEmpty       fifo.o
    0x0800340c   0x0000001a   Code   RO          124    i.IsFifoFull        fifo.o
    0x08003426   0x00000002   PAD
    0x08003428   0x00000014   Code   RO         3762    i.IsStickyMacCommandPending  loramac.o
    0x0800343c   0x00000014   Code   RO         4447    i.LimitTxPower      regioncn470.o
    0x08003450   0x00000094   Code   RO         4031    i.LoRaMacComputeMic  loramaccrypto.o
    0x080034e4   0x00000338   Code   RO         3765    i.LoRaMacInitialization  loramac.o
    0x0800381c   0x00000054   Code   RO         4032    i.LoRaMacJoinComputeMic  loramaccrypto.o
    0x08003870   0x0000008c   Code   RO         4033    i.LoRaMacJoinComputeSKeys  loramaccrypto.o
    0x080038fc   0x00000040   Code   RO         4034    i.LoRaMacJoinDecrypt  loramaccrypto.o
    0x0800393c   0x00000188   Code   RO         3766    i.LoRaMacMcpsRequest  loramac.o
    0x08003ac4   0x000001ac   Code   RO         3767    i.LoRaMacMibGetRequestConfirm  loramac.o
    0x08003c70   0x00000354   Code   RO         3768    i.LoRaMacMibSetRequestConfirm  loramac.o
    0x08003fc4   0x00000164   Code   RO         3769    i.LoRaMacMlmeRequest  loramac.o
    0x08004128   0x00000024   Code   RO         4035    i.LoRaMacPayloadDecrypt  loramaccrypto.o
    0x0800414c   0x000000e0   Code   RO         4036    i.LoRaMacPayloadEncrypt  loramaccrypto.o
    0x0800422c   0x000000f4   Code   RO         3772    i.LoRaMacQueryTxPossible  loramac.o
    0x08004320   0x00000078   Code   RO         6692    i.McpsConfirm       main.o
    0x08004398   0x00000290   Code   RO         6693    i.McpsIndication    main.o
    0x08004628   0x000000e0   Code   RO         6694    i.MlmeConfirm       main.o
    0x08004708   0x00000016   Code   RO         6695    i.MlmeIndication    main.o
    0x0800471e   0x00000002   Code   RO         1485    i.NMI_Handler       sysirqhandlers.o
    0x08004720   0x00000078   Code   RO         1945    i.NVIC_SetPriority  stm32l0xx_hal_cortex.o
    0x08004798   0x00000030   Code   RO         1304    i.OLED_Clear        oled-board.o
    0x080047c8   0x0000006c   Code   RO         1310    i.OLED_DrawPoint    oled-board.o
    0x08004834   0x00000184   Code   RO         1313    i.OLED_Init         oled-board.o
    0x080049b8   0x0000004c   Code   RO         1314    i.OLED_Refresh_Gram  oled-board.o
    0x08004a04   0x000000d4   Code   RO         1315    i.OLED_ShowChar     oled-board.o
    0x08004ad8   0x0000001e   Code   RO         1317    i.OLED_ShowString_Line  oled-board.o
    0x08004af6   0x00000062   Code   RO         1318    i.OLED_ShowString_XY  oled-board.o
    0x08004b58   0x00000094   Code   RO         1319    i.OLED_WR_Byte      oled-board.o
    0x08004bec   0x00000050   Code   RO         3777    i.OnAckTimeoutTimerEvent  loramac.o
    0x08004c3c   0x0000000c   Code   RO          577    i.OnCalibrateSystemWakeupTimeTimerEvent  board.o
    0x08004c48   0x000003e4   Code   RO         3778    i.OnMacStateCheckTimerEvent  loramac.o
    0x0800502c   0x000006f4   Code   RO         3779    i.OnRadioRxDone     loramac.o
    0x08005720   0x000000bc   Code   RO         3780    i.OnRadioRxError    loramac.o
    0x080057dc   0x000000bc   Code   RO         3781    i.OnRadioRxTimeout  loramac.o
    0x08005898   0x00000164   Code   RO         3782    i.OnRadioTxDone     loramac.o
    0x080059fc   0x00000044   Code   RO         3783    i.OnRadioTxTimeout  loramac.o
    0x08005a40   0x00000088   Code   RO         3784    i.OnRxWindow1TimerEvent  loramac.o
    0x08005ac8   0x00000084   Code   RO         3785    i.OnRxWindow2TimerEvent  loramac.o
    0x08005b4c   0x00000024   Code   RO         3786    i.OnTxDelayedTimerEvent  loramac.o
    0x08005b70   0x00000080   Code   RO         6696    i.OnTxNextPacketTimerEvent  main.o
    0x08005bf0   0x00000014   Code   RO         3787    i.OpenContinuousRx2Window  loramac.o
    0x08005c04   0x0000007e   Code   RO         3788    i.ParseMacCommandsToRepeat  loramac.o
    0x08005c82   0x00000002   PAD
    0x08005c84   0x00000438   Code   RO         3789    i.PrepareFrame      loramac.o
    0x080060bc   0x00000058   Code   RO         3790    i.PrepareRxDoneAbort  loramac.o
    0x08006114   0x00000138   Code   RO         6697    i.PrepareTxFrame    main.o
    0x0800624c   0x0000038c   Code   RO         3791    i.ProcessMacCommands  loramac.o
    0x080065d8   0x0000001a   Code   RO         2827    i.RTC_Bcd2ToByte    stm32l0xx_hal_rtc.o
    0x080065f2   0x0000001a   Code   RO         2828    i.RTC_ByteToBcd2    stm32l0xx_hal_rtc.o
    0x0800660c   0x00000042   Code   RO         2829    i.RTC_EnterInitMode  stm32l0xx_hal_rtc.o
    0x0800664e   0x00000002   PAD
    0x08006650   0x0000002c   Code   RO          833    i.RTC_IRQHandler    rtc-board.o
    0x0800667c   0x00000006   Code   RO         6153    i.RadioCheckRfFrequency  radio.o
    0x08006682   0x00000002   PAD
    0x08006684   0x0000003c   Code   RO         6154    i.RadioGetFskBandwidthRegValue  radio.o
    0x080066c0   0x00000024   Code   RO         6155    i.RadioGetStatus    radio.o
    0x080066e4   0x0000000a   Code   RO         6156    i.RadioGetWakeupTime  radio.o
    0x080066ee   0x00000002   PAD
    0x080066f0   0x00000070   Code   RO         6157    i.RadioInit         radio.o
    0x08006760   0x00000248   Code   RO         6158    i.RadioIrqProcess   radio.o
    0x080069a8   0x0000005c   Code   RO         6159    i.RadioIsChannelFree  radio.o
    0x08006a04   0x0000000c   Code   RO         6160    i.RadioOnDioIrq     radio.o
    0x08006a10   0x00000024   Code   RO         6161    i.RadioOnRxTimeoutIrq  radio.o
    0x08006a34   0x00000024   Code   RO         6162    i.RadioOnTxTimeoutIrq  radio.o
    0x08006a58   0x00000036   Code   RO         6163    i.RadioRandom       radio.o
    0x08006a8e   0x0000000c   Code   RO         6164    i.RadioRead         radio.o
    0x08006a9a   0x00000014   Code   RO         6165    i.RadioReadBuffer   radio.o
    0x08006aae   0x0000000a   Code   RO         6167    i.RadioRssi         radio.o
    0x08006ab8   0x00000054   Code   RO         6168    i.RadioRx           radio.o
    0x08006b0c   0x00000054   Code   RO         6169    i.RadioRxBoosted    radio.o
    0x08006b60   0x0000008c   Code   RO         6170    i.RadioSend         radio.o
    0x08006bec   0x0000000c   Code   RO         6171    i.RadioSetChannel   radio.o
    0x08006bf8   0x00000038   Code   RO         6172    i.RadioSetMaxPayloadLength  radio.o
    0x08006c30   0x00000048   Code   RO         6173    i.RadioSetModem     radio.o
    0x08006c78   0x00000044   Code   RO         6174    i.RadioSetPublicNetwork  radio.o
    0x08006cbc   0x00000234   Code   RO         6175    i.RadioSetRxConfig  radio.o
    0x08006ef0   0x00000010   Code   RO         6176    i.RadioSetRxDutyCycle  radio.o
    0x08006f00   0x000001a4   Code   RO         6177    i.RadioSetTxConfig  radio.o
    0x080070a4   0x0000004c   Code   RO         6178    i.RadioSetTxContinuousWave  radio.o
    0x080070f0   0x00000020   Code   RO         6179    i.RadioSleep        radio.o
    0x08007110   0x0000000a   Code   RO         6180    i.RadioStandby      radio.o
    0x0800711a   0x00000008   Code   RO         6181    i.RadioStartCad     radio.o
    0x08007122   0x00000002   PAD
    0x08007124   0x00000224   Code   RO         6182    i.RadioTimeOnAir    radio.o
    0x08007348   0x00000010   Code   RO         6184    i.RadioWrite        radio.o
    0x08007358   0x00000014   Code   RO         6185    i.RadioWriteBuffer  radio.o
    0x0800736c   0x00000020   Code   RO         4179    i.RegionAdrNext     region.o
    0x0800738c   0x00000016   Code   RO         4180    i.RegionAlternateDr  region.o
    0x080073a2   0x00000018   Code   RO         4181    i.RegionApplyCFList  region.o
    0x080073ba   0x0000001e   Code   RO         4182    i.RegionApplyDrOffset  region.o
    0x080073d8   0x0000009c   Code   RO         4448    i.RegionCN470AdrNext  regioncn470.o
    0x08007474   0x00000002   Code   RO         4449    i.RegionCN470AlternateDr  regioncn470.o
    0x08007476   0x00000002   Code   RO         4450    i.RegionCN470ApplyCFList  regioncn470.o
    0x08007478   0x00000012   Code   RO         4451    i.RegionCN470ApplyDrOffset  regioncn470.o
    0x0800748a   0x00000002   PAD
    0x0800748c   0x0000003c   Code   RO         4452    i.RegionCN470CalcBackOff  regioncn470.o
    0x080074c8   0x0000003c   Code   RO         4453    i.RegionCN470ChanMaskSet  regioncn470.o
    0x08007504   0x0000006c   Code   RO         4456    i.RegionCN470ComputeRxWindowParameters  regioncn470.o
    0x08007570   0x00000006   Code   RO         4457    i.RegionCN470DlChannelReq  regioncn470.o
    0x08007576   0x00000002   PAD
    0x08007578   0x00000124   Code   RO         4458    i.RegionCN470GetPhyParam  regioncn470.o
    0x0800769c   0x00000090   Code   RO         4459    i.RegionCN470InitDefaults  regioncn470.o
    0x0800772c   0x00000154   Code   RO         4460    i.RegionCN470LinkAdrReq  regioncn470.o
    0x08007880   0x00000006   Code   RO         4461    i.RegionCN470NewChannelReq  regioncn470.o
    0x08007886   0x00000002   PAD
    0x08007888   0x000000f0   Code   RO         4462    i.RegionCN470NextChannel  regioncn470.o
    0x08007978   0x000000ec   Code   RO         4463    i.RegionCN470RxConfig  regioncn470.o
    0x08007a64   0x00000070   Code   RO         4464    i.RegionCN470RxParamSetupReq  regioncn470.o
    0x08007ad4   0x00000028   Code   RO         4465    i.RegionCN470SetBandTxDone  regioncn470.o
    0x08007afc   0x00000060   Code   RO         4466    i.RegionCN470SetContinuousWave  regioncn470.o
    0x08007b5c   0x000000e0   Code   RO         4467    i.RegionCN470TxConfig  regioncn470.o
    0x08007c3c   0x00000008   Code   RO         4468    i.RegionCN470TxParamSetupReq  regioncn470.o
    0x08007c44   0x0000006c   Code   RO         4469    i.RegionCN470Verify  regioncn470.o
    0x08007cb0   0x00000018   Code   RO         4183    i.RegionCalcBackOff  region.o
    0x08007cc8   0x00000016   Code   RO         4184    i.RegionChanMaskSet  region.o
    0x08007cde   0x00000088   Code   RO         4331    i.RegionCommonCalcBackOff  regioncommon.o
    0x08007d66   0x00000022   Code   RO         4333    i.RegionCommonChanMaskCopy  regioncommon.o
    0x08007d88   0x00000080   Code   RO         4334    i.RegionCommonChanVerifyDr  regioncommon.o
    0x08007e08   0x00000118   Code   RO         4335    i.RegionCommonComputeRxWindowParameters  regioncommon.o
    0x08007f20   0x0000003c   Code   RO         4337    i.RegionCommonComputeSymbolTimeLoRa  regioncommon.o
    0x08007f5c   0x00000042   Code   RO         4338    i.RegionCommonComputeTxPower  regioncommon.o
    0x08007f9e   0x00000034   Code   RO         4339    i.RegionCommonCountChannels  regioncommon.o
    0x08007fd2   0x00000002   PAD
    0x08007fd4   0x0000002c   Code   RO         4340    i.RegionCommonGetJoinDc  regioncommon.o
    0x08008000   0x000000ac   Code   RO         4341    i.RegionCommonLinkAdrReqVerifyParams  regioncommon.o
    0x080080ac   0x00000048   Code   RO         4342    i.RegionCommonParseLinkAdrReq  regioncommon.o
    0x080080f4   0x0000000e   Code   RO         4343    i.RegionCommonSetBandTxDone  regioncommon.o
    0x08008102   0x00000002   PAD
    0x08008104   0x00000258   Code   RO         4344    i.RegionCommonUpdateBandTimeOff  regioncommon.o
    0x0800835c   0x00000012   Code   RO         4345    i.RegionCommonValueInRange  regioncommon.o
    0x0800836e   0x00000022   Code   RO         4187    i.RegionComputeRxWindowParameters  region.o
    0x08008390   0x00000016   Code   RO         4188    i.RegionDlChannelReq  region.o
    0x080083a6   0x0000001c   Code   RO         4189    i.RegionGetPhyParam  region.o
    0x080083c2   0x00000018   Code   RO         4190    i.RegionInitDefaults  region.o
    0x080083da   0x0000000e   Code   RO         4191    i.RegionIsActive    region.o
    0x080083e8   0x00000024   Code   RO         4192    i.RegionLinkAdrReq  region.o
    0x0800840c   0x00000016   Code   RO         4193    i.RegionNewChannelReq  region.o
    0x08008422   0x00000020   Code   RO         4194    i.RegionNextChannel  region.o
    0x08008442   0x0000001a   Code   RO         4195    i.RegionRxConfig    region.o
    0x0800845c   0x00000016   Code   RO         4196    i.RegionRxParamSetupReq  region.o
    0x08008472   0x0000001a   Code   RO         4197    i.RegionSetBandTxDone  region.o
    0x0800848c   0x00000018   Code   RO         4198    i.RegionSetContinuousWave  region.o
    0x080084a4   0x0000001e   Code   RO         4199    i.RegionTxConfig    region.o
    0x080084c2   0x00000016   Code   RO         4200    i.RegionTxParamSetupReq  region.o
    0x080084d8   0x0000001a   Code   RO         4201    i.RegionVerify      region.o
    0x080084f2   0x00000002   PAD
    0x080084f4   0x00000120   Code   RO         3792    i.ResetMacParameters  loramac.o
    0x08008614   0x0000002e   Code   RO          834    i.RtcComputeElapsedTime  rtc-board.o
    0x08008642   0x00000002   PAD
    0x08008644   0x00000178   Code   RO          836    i.RtcComputeTimerTimeToAlarmTick  rtc-board.o
    0x080087bc   0x0000005c   Code   RO          837    i.RtcComputeWakeUpTime  rtc-board.o
    0x08008818   0x000000f8   Code   RO          838    i.RtcConvertCalendarTickToTimerTime  rtc-board.o
    0x08008910   0x00000040   Code   RO          839    i.RtcConvertMsToTick  rtc-board.o
    0x08008950   0x00000040   Code   RO          840    i.RtcConvertTickToMs  rtc-board.o
    0x08008990   0x0000004c   Code   RO          843    i.RtcGetAdjustedTimeoutValue  rtc-board.o
    0x080089dc   0x00000054   Code   RO          844    i.RtcGetCalendar    rtc-board.o
    0x08008a30   0x00000034   Code   RO          845    i.RtcGetElapsedAlarmTime  rtc-board.o
    0x08008a64   0x0000001a   Code   RO          846    i.RtcGetTimerValue  rtc-board.o
    0x08008a7e   0x00000002   PAD
    0x08008a80   0x000000a8   Code   RO          847    i.RtcInit           rtc-board.o
    0x08008b28   0x00000050   Code   RO          849    i.RtcRecoverMcuStatus  rtc-board.o
    0x08008b78   0x00000012   Code   RO          850    i.RtcSetTimeout     rtc-board.o
    0x08008b8a   0x00000002   PAD
    0x08008b8c   0x000000a8   Code   RO          851    i.RtcStartWakeUpAlarm  rtc-board.o
    0x08008c34   0x00000024   Code   RO         3793    i.RxWindowSetup     loramac.o
    0x08008c58   0x00000002   Code   RO         1098    i.SX126xAntSwOff    sx1262dvk1das-board.o
    0x08008c5a   0x00000002   Code   RO         1099    i.SX126xAntSwOn     sx1262dvk1das-board.o
    0x08008c5c   0x0000000e   Code   RO         6395    i.SX126xCalibrate   sx126x.o
    0x08008c6a   0x00000002   PAD
    0x08008c6c   0x0000007c   Code   RO         6396    i.SX126xCalibrateImage  sx126x.o
    0x08008ce8   0x00000020   Code   RO         6397    i.SX126xCheckDeviceReady  sx126x.o
    0x08008d08   0x0000001a   Code   RO         6399    i.SX126xClearIrqStatus  sx126x.o
    0x08008d22   0x00000004   Code   RO         1101    i.SX126xGetBoardTcxoWakeupTime  sx1262dvk1das-board.o
    0x08008d26   0x00000018   Code   RO         6401    i.SX126xGetIrqStatus  sx126x.o
    0x08008d3e   0x00000002   PAD
    0x08008d40   0x0000000c   Code   RO         6402    i.SX126xGetOperatingMode  sx126x.o
    0x08008d4c   0x00000006   Code   RO         1102    i.SX126xGetPaSelect  sx1262dvk1das-board.o
    0x08008d52   0x00000002   PAD
    0x08008d54   0x000000a0   Code   RO         6403    i.SX126xGetPacketStatus  sx126x.o
    0x08008df4   0x0000000c   Code   RO         6404    i.SX126xGetPacketType  sx126x.o
    0x08008e00   0x0000002e   Code   RO         6405    i.SX126xGetPayload  sx126x.o
    0x08008e2e   0x0000001c   Code   RO         6407    i.SX126xGetRssiInst  sx126x.o
    0x08008e4a   0x00000002   PAD
    0x08008e4c   0x00000044   Code   RO         6408    i.SX126xGetRxBufferStatus  sx126x.o
    0x08008e90   0x00000044   Code   RO         6410    i.SX126xInit        sx126x.o
    0x08008ed4   0x00000044   Code   RO         1104    i.SX126xIoInit      sx1262dvk1das-board.o
    0x08008f18   0x00000018   Code   RO         1105    i.SX126xIoIrqInit   sx1262dvk1das-board.o
    0x08008f30   0x0000005c   Code   RO         1106    i.SX126xReadBuffer  sx1262dvk1das-board.o
    0x08008f8c   0x00000054   Code   RO         1107    i.SX126xReadCommand  sx1262dvk1das-board.o
    0x08008fe0   0x00000014   Code   RO         1108    i.SX126xReadRegister  sx1262dvk1das-board.o
    0x08008ff4   0x0000006c   Code   RO         1109    i.SX126xReadRegisters  sx1262dvk1das-board.o
    0x08009060   0x00000040   Code   RO         1110    i.SX126xReset       sx1262dvk1das-board.o
    0x080090a0   0x00000018   Code   RO         6411    i.SX126xSendPayload  sx126x.o
    0x080090b8   0x00000018   Code   RO         6412    i.SX126xSetBufferBaseAddress  sx126x.o
    0x080090d0   0x00000018   Code   RO         6413    i.SX126xSetCad      sx126x.o
    0x080090e8   0x0000002c   Code   RO         6415    i.SX126xSetCrcPolynomial  sx126x.o
    0x08009114   0x0000002c   Code   RO         6416    i.SX126xSetCrcSeed  sx126x.o
    0x08009140   0x0000000e   Code   RO         6417    i.SX126xSetDio2AsRfSwitchCtrl  sx126x.o
    0x0800914e   0x0000002c   Code   RO         6418    i.SX126xSetDio3AsTcxoCtrl  sx126x.o
    0x0800917a   0x0000003e   Code   RO         6419    i.SX126xSetDioIrqParams  sx126x.o
    0x080091b8   0x0000000e   Code   RO         6421    i.SX126xSetLoRaSymbNumTimeout  sx126x.o
    0x080091c6   0x00000002   PAD
    0x080091c8   0x0000010c   Code   RO         6422    i.SX126xSetModulationParams  sx126x.o
    0x080092d4   0x00000020   Code   RO         6423    i.SX126xSetPaConfig  sx126x.o
    0x080092f4   0x000000d4   Code   RO         6424    i.SX126xSetPacketParams  sx126x.o
    0x080093c8   0x0000001c   Code   RO         6425    i.SX126xSetPacketType  sx126x.o
    0x080093e4   0x00000012   Code   RO         6426    i.SX126xSetPayload  sx126x.o
    0x080093f6   0x0000000e   Code   RO         6427    i.SX126xSetRegulatorMode  sx126x.o
    0x08009404   0x00000088   Code   RO         6428    i.SX126xSetRfFrequency  sx126x.o
    0x0800948c   0x0000000e   Code   RO         1111    i.SX126xSetRfTxPower  sx1262dvk1das-board.o
    0x0800949a   0x00000002   PAD
    0x0800949c   0x0000002c   Code   RO         6429    i.SX126xSetRx       sx126x.o
    0x080094c8   0x00000038   Code   RO         6430    i.SX126xSetRxBoosted  sx126x.o
    0x08009500   0x00000040   Code   RO         6431    i.SX126xSetRxDutyCycle  sx126x.o
    0x08009540   0x0000001c   Code   RO         6433    i.SX126xSetSleep    sx126x.o
    0x0800955c   0x00000028   Code   RO         6434    i.SX126xSetStandby  sx126x.o
    0x08009584   0x0000000e   Code   RO         6435    i.SX126xSetStopRxTimerOnPreambleDetect  sx126x.o
    0x08009592   0x00000014   Code   RO         6436    i.SX126xSetSyncWord  sx126x.o
    0x080095a6   0x00000002   PAD
    0x080095a8   0x0000002c   Code   RO         6437    i.SX126xSetTx       sx126x.o
    0x080095d4   0x0000000e   Code   RO         6438    i.SX126xSetTxContinuousWave  sx126x.o
    0x080095e2   0x00000002   PAD
    0x080095e4   0x00000088   Code   RO         6440    i.SX126xSetTxParams  sx126x.o
    0x0800966c   0x00000040   Code   RO         6441    i.SX126xSetWhiteningSeed  sx126x.o
    0x080096ac   0x00000014   Code   RO         1112    i.SX126xWaitOnBusy  sx1262dvk1das-board.o
    0x080096c0   0x00000038   Code   RO         1113    i.SX126xWakeup      sx1262dvk1das-board.o
    0x080096f8   0x00000050   Code   RO         1114    i.SX126xWriteBuffer  sx1262dvk1das-board.o
    0x08009748   0x0000004c   Code   RO         1115    i.SX126xWriteCommand  sx1262dvk1das-board.o
    0x08009794   0x00000010   Code   RO         1116    i.SX126xWriteRegister  sx1262dvk1das-board.o
    0x080097a4   0x00000060   Code   RO         1117    i.SX126xWriteRegisters  sx1262dvk1das-board.o
    0x08009804   0x0000018c   Code   RO         3794    i.ScheduleTx        loramac.o
    0x08009990   0x00000090   Code   RO         3795    i.Send              loramac.o
    0x08009a20   0x00000090   Code   RO         6698    i.SendFrame         main.o
    0x08009ab0   0x000000c4   Code   RO         3796    i.SendFrameOnChannel  loramac.o
    0x08009b74   0x00000020   Code   RO         3797    i.SetMlmeScheduleUplinkIndication  loramac.o
    0x08009b94   0x0000006c   Code   RO         3798    i.SetTxContinuousWave  loramac.o
    0x08009c00   0x00000040   Code   RO         3799    i.SetTxContinuousWave1  loramac.o
    0x08009c40   0x000000ac   Code   RO         1050    i.SpiFormat         spi-board.o
    0x08009cec   0x0000005c   Code   RO         1051    i.SpiFrequency      spi-board.o
    0x08009d48   0x00000098   Code   RO         1052    i.SpiInOut          spi-board.o
    0x08009de0   0x0000018c   Code   RO         1053    i.SpiInit           spi-board.o
    0x08009f6c   0x0000000c   Code   RO          578    i.SysTick_Handler   board.o
    0x08009f78   0x000000b0   Code   RO          579    i.SystemClockConfig  board.o
    0x0800a028   0x0000008c   Code   RO          580    i.SystemClockReConfig  board.o
    0x0800a0b4   0x00000068   Code   RO         1246    i.SystemInit        system_stm32l0xx.o
    0x0800a11c   0x00000020   Code   RO          215    i.TimerExists       timer.o
    0x0800a13c   0x00000008   Code   RO          216    i.TimerGetCurrentTime  timer.o
    0x0800a144   0x0000000c   Code   RO          217    i.TimerGetElapsedTime  timer.o
    0x0800a150   0x00000008   Code   RO          219    i.TimerGetValue     timer.o
    0x0800a158   0x0000000e   Code   RO          220    i.TimerInit         timer.o
    0x0800a166   0x00000002   PAD
    0x0800a168   0x00000030   Code   RO          221    i.TimerInsertNewHeadTimer  timer.o
    0x0800a198   0x00000074   Code   RO          222    i.TimerInsertTimer  timer.o
    0x0800a20c   0x00000094   Code   RO          223    i.TimerIrqHandler   timer.o
    0x0800a2a0   0x0000003c   Code   RO          224    i.TimerLowPowerHandler  timer.o
    0x0800a2dc   0x00000020   Code   RO          227    i.TimerSetTimeout   timer.o
    0x0800a2fc   0x00000012   Code   RO          228    i.TimerSetValue     timer.o
    0x0800a30e   0x00000002   PAD
    0x0800a310   0x00000090   Code   RO          229    i.TimerStart        timer.o
    0x0800a3a0   0x000000f4   Code   RO          230    i.TimerStop         timer.o
    0x0800a494   0x000000f0   Code   RO         3449    i.UART_AdvFeatureConfig  stm32l0xx_hal_uart.o
    0x0800a584   0x00000064   Code   RO         3450    i.UART_CheckIdleState  stm32l0xx_hal_uart.o
    0x0800a5e8   0x00000020   Code   RO         3456    i.UART_EndTransmit_IT  stm32l0xx_hal_uart.o
    0x0800a608   0x000000a8   Code   RO         3457    i.UART_Receive_IT   stm32l0xx_hal_uart.o
    0x0800a6b0   0x000004d0   Code   RO         3458    i.UART_SetConfig    stm32l0xx_hal_uart.o
    0x0800ab80   0x00000072   Code   RO         3459    i.UART_Transmit_IT  stm32l0xx_hal_uart.o
    0x0800abf2   0x00000108   Code   RO         3460    i.UART_WaitOnFlagUntilTimeout  stm32l0xx_hal_uart.o
    0x0800acfa   0x00000002   PAD
    0x0800acfc   0x00000010   Code   RO          967    i.USART1_IRQHandler  uart-board.o
    0x0800ad0c   0x00000024   Code   RO          475    i.UartConfig        uart.o
    0x0800ad30   0x00000022   Code   RO          479    i.UartInit          uart.o
    0x0800ad52   0x00000002   PAD
    0x0800ad54   0x0000012c   Code   RO          968    i.UartMcuConfig     uart-board.o
    0x0800ae80   0x00000068   Code   RO          972    i.UartMcuInit       uart-board.o
    0x0800aee8   0x00000050   Code   RO          974    i.UartMcuPutChar    uart-board.o
    0x0800af38   0x00000010   Code   RO          481    i.UartPutChar       uart.o
    0x0800af48   0x0000005c   Code   RO         3800    i.ValidatePayloadLength  loramac.o
    0x0800afa4   0x00000020   Code   RO         6924    i.__0printf$5       mc_p.l(printf5.o)
    0x0800afc4   0x0000002e   Code   RO         7144    i.__ARM_clz         mf_p.l(depilogue.o)
    0x0800aff2   0x0000001c   Code   RO          822    i.__ARM_common_switch8  gpio-board.o
    0x0800b00e   0x00000002   PAD
    0x0800b010   0x0000002c   Code   RO         7098    i.__ARM_fpclassify  m_ps.l(fpclassify.o)
    0x0800b03c   0x000000ac   Code   RO         7100    i.__kernel_poly     m_ps.l(poly.o)
    0x0800b0e8   0x00000014   Code   RO         7084    i.__mathlib_dbl_divzero  m_ps.l(dunder.o)
    0x0800b0fc   0x00000008   Code   RO         7086    i.__mathlib_dbl_infnan2  m_ps.l(dunder.o)
    0x0800b104   0x00000010   Code   RO         7087    i.__mathlib_dbl_invalid  m_ps.l(dunder.o)
    0x0800b114   0x00000014   Code   RO         7088    i.__mathlib_dbl_overflow  m_ps.l(dunder.o)
    0x0800b128   0x00000014   Code   RO         7090    i.__mathlib_dbl_underflow  m_ps.l(dunder.o)
    0x0800b13c   0x0000000e   Code   RO         7160    i.__scatterload_copy  mc_p.l(handlers.o)
    0x0800b14a   0x00000002   Code   RO         7161    i.__scatterload_null  mc_p.l(handlers.o)
    0x0800b14c   0x0000000e   Code   RO         7162    i.__scatterload_zeroinit  mc_p.l(handlers.o)
    0x0800b15a   0x00000002   PAD
    0x0800b15c   0x0000000c   Code   RO         7134    i.__set_errno       mc_p.l(errno.o)
    0x0800b168   0x000002dc   Code   RO         6931    i._printf_core      mc_p.l(printf5.o)
    0x0800b444   0x00000010   Code   RO         4082    i.add_round_key     aes.o
    0x0800b454   0x0000005a   Code   RO         4084    i.aes_encrypt       aes.o
    0x0800b4ae   0x00000002   PAD
    0x0800b4b0   0x0000011c   Code   RO         4085    i.aes_set_key       aes.o
    0x0800b5cc   0x000000c8   Code   RO         6755    i.ceil              m_ps.l(ceil.o)
    0x0800b694   0x00000084   Code   RO         4086    i.copy_and_key      aes.o
    0x0800b718   0x00000042   Code   RO         4087    i.copy_block        aes.o
    0x0800b75a   0x00000018   Code   RO         4088    i.copy_block_nn     aes.o
    0x0800b772   0x00000002   PAD
    0x0800b774   0x000000c8   Code   RO         6759    i.floor             m_ps.l(floor.o)
    0x0800b83c   0x0000001c   Code   RO          581    i.fputc             board.o
    0x0800b858   0x00000030   Code   RO         1277    i.key_init          key-board.o
    0x0800b888   0x00000018   Code   RO         1278    i.key_interrupt_callback  key-board.o
    0x0800b8a0   0x00000230   Code   RO         6699    i.main              main.o
    0x0800bad0   0x00000018   Code   RO         1431    i.memcpy1           utilities.o
    0x0800bae8   0x0000001c   Code   RO         1432    i.memcpyr           utilities.o
    0x0800bb04   0x00000014   Code   RO         1433    i.memset1           utilities.o
    0x0800bb18   0x00000284   Code   RO         4089    i.mix_sub_columns   aes.o
    0x0800bd9c   0x000009fc   Code   RO         6763    i.pow               m_ps.l(pow.o)
    0x0800c798   0x00000030   Code   RO         1434    i.rand1             utilities.o
    0x0800c7c8   0x0000001a   Code   RO         1435    i.randr             utilities.o
    0x0800c7e2   0x00000008   Code   RO         6772    i.rint              m_ps.l(rint.o)
    0x0800c7ea   0x00000002   PAD
    0x0800c7ec   0x0000009c   Code   RO         6774    i.round             m_ps.l(round.o)
    0x0800c888   0x00000070   Code   RO         4090    i.shift_sub_rows    aes.o
    0x0800c8f8   0x00000048   Code   RO         7104    i.sqrt              m_ps.l(sqrt.o)
    0x0800c940   0x0000000c   Code   RO         1436    i.srand1            utilities.o
    0x0800c94c   0x00000082   Code   RO         4091    i.xor_block         aes.o
    0x0800c9ce   0x00000018   Data   RO          853    .constdata          rtc-board.o
    0x0800c9e6   0x00000021   Data   RO         1247    .constdata          system_stm32l0xx.o
    0x0800ca07   0x00000474   Data   RO         1322    .constdata          oled-board.o
    0x0800ce7b   0x00000010   Data   RO         3802    .constdata          loramac.o
    0x0800ce8b   0x00000300   Data   RO         4092    .constdata          aes.o
    0x0800d18b   0x00000001   PAD
    0x0800d18c   0x0000003c   Data   RO         4471    .constdata          regioncn470.o
    0x0800d1c8   0x0000011f   Data   RO         6188    .constdata          radio.o
    0x0800d2e7   0x00000001   PAD
    0x0800d2e8   0x00000088   Data   RO         6764    .constdata          m_ps.l(pow.o)
    0x0800d370   0x00000008   Data   RO         7102    .constdata          m_ps.l(qnan.o)
    0x0800d378   0x00000020   Data   RO         7158    Region$$Table       anon$$obj.o


    Execution Region RW_IRAM1 (Base: 0x20000000, Size: 0x00001a00, Max: 0x00002000, ABSOLUTE, COMPRESSED[0x00000058])

    Base Addr    Size         Type   Attr      Idx    E Section Name        Object

    0x20000000   0x00000008   Data   RW          231    .data               timer.o
    0x20000008   0x00000003   Data   RW          583    .data               board.o
    0x2000000b   0x00000001   PAD
    0x2000000c   0x0000000c   Data   RW          854    .data               rtc-board.o
    0x20000018   0x00000002   Data   RW          976    .data               uart-board.o
    0x2000001a   0x00000002   PAD
    0x2000001c   0x00000004   Data   RW         1248    .data               system_stm32l0xx.o
    0x20000020   0x00000004   Data   RW         1437    .data               utilities.o
    0x20000024   0x00000004   Data   RW         1553    .data               stm32l0xx_hal.o
    0x20000028   0x00000073   Data   RW         3803    .data               loramac.o
    0x2000009b   0x00000020   Data   RW         4038    .data               loramaccrypto.o
    0x200000bb   0x00000001   PAD
    0x200000bc   0x00000010   Data   RW         4472    .data               regioncn470.o
    0x200000cc   0x00000004   PAD
    0x200000d0   0x000000a4   Data   RW         6189    .data               radio.o
    0x20000174   0x00000009   Data   RW         6442    .data               sx126x.o
    0x2000017d   0x00000003   PAD
    0x20000180   0x0000004e   Data   RW         6702    .data               main.o
    0x200001ce   0x00000002   PAD
    0x200001d0   0x00000004   Data   RW         7125    .data               mc_p.l(stdout.o)
    0x200001d4   0x00000004   Data   RW         7135    .data               mc_p.l(errno.o)
    0x200001d8   0x00000474   Zero   RW          582    .bss                board.o
    0x2000064c   0x00000040   Zero   RW          761    .bss                gpio-board.o
    0x2000068c   0x0000003c   Zero   RW          852    .bss                rtc-board.o
    0x200006c8   0x00000070   Zero   RW          975    .bss                uart-board.o
    0x20000738   0x000000b0   Zero   RW         1054    .bss                spi-board.o
    0x200007e8   0x00000400   Zero   RW         1321    .bss                oled-board.o
    0x20000be8   0x00000470   Zero   RW         3801    .bss                loramac.o
    0x20001058   0x0000022c   Zero   RW         4037    .bss                loramaccrypto.o
    0x20001284   0x00000078   Zero   RW         4470    .bss                regioncn470.o
    0x200012fc   0x000001e8   Zero   RW         6187    .bss                radio.o
    0x200014e4   0x0000011c   Zero   RW         6700    .bss                main.o
    0x20001600   0x00000400   Zero   RW            1    STACK               startup_stm32l051xx.o


==============================================================================

Image component sizes


      Code (inc. data)   RO Data    RW Data    ZI Data      Debug   Object Name

         0          0          0          0          0       6568   adc.o
      1498         22        768          0          0      14712   aes.o
       730         84          0          3       1140       7629   board.o
       746          0          0          0          0       4309   cmac.o
        12          0          0          0          0        533   delay-board.o
        12          0          0          0          0        502   delay.o
       128          0          0          0          0       4063   fifo.o
       984         48          0          0         64       6934   gpio-board.o
        98          0          0          0          0       3330   gpio.o
        72         14          0          0          0       1000   key-board.o
     11292       1462         16        115       1136      43391   loramac.o
       696         46          0         32        556       6943   loramaccrypto.o
      2166        414          0         78        284       7376   main.o
      1108         40       1140          0       1024       7595   oled-board.o
      3306        428        287        164        488      31240   radio.o
       542          0          0          0          0      22669   region.o
      2534        342         60         16        120      20180   regioncn470.o
      1716        238          0          0          0      12743   regioncommon.o
      1630        154         24         12         60      12244   rtc-board.o
       812         38          0          0        176       3664   spi-board.o
        28          8        192          0       1024        728   startup_stm32l051xx.o
       188         36          0          4          0       6202   stm32l0xx_hal.o
       264         30          0          0          0      12719   stm32l0xx_hal_cortex.o
       562         36          0          0          0       4399   stm32l0xx_hal_gpio.o
      2360        100          0          0          0       6324   stm32l0xx_hal_rcc.o
       512         12          0          0          0       1544   stm32l0xx_hal_rcc_ex.o
      2480         52          0          0          0      12475   stm32l0xx_hal_rtc.o
        90          0          0          0          0       1791   stm32l0xx_hal_rtc_ex.o
       144          0          0          0          0       1777   stm32l0xx_hal_spi.o
      2960         94          0          0          0      10151   stm32l0xx_hal_uart.o
         2          0          0          0          0       1096   stm32l0xx_hal_uart_ex.o
       832         54          0          0          0      11622   sx1262dvk1das-board.o
      2140        156          0          9          0      24387   sx126x.o
         6          0          0          0          0        954   sysirqhandlers.o
       104         16         33          4          0       1363   system_stm32l0xx.o
       884         48          0          8          0     325581   timer.o
       660         68          0          2        112       5492   uart-board.o
        86          0          0          0          0       2390   uart.o
       158         24          0          4          0       3979   utilities.o

    ----------------------------------------------------------------------
     44626       4064       2554        464       6184     652599   Object Totals
         0          0         32          0          0          0   (incl. Generated)
        84          0          2         13          0          0   (incl. Padding)

    ----------------------------------------------------------------------

      Code (inc. data)   RO Data    RW Data    ZI Data      Debug   Library Member Name

       200         20          0          0          0         76   ceil.o
        84         14          0          0          0        340   dunder.o
       200         20          0          0          0         76   floor.o
        44          4          0          0          0         60   fpclassify.o
       172          0          0          0          0         76   poly.o
      2556        196        136          0          0        240   pow.o
         0          0          8          0          0          0   qnan.o
         8          0          0          0          0         68   rint.o
       156         14          0          0          0         84   round.o
        72          6          0          0          0         76   sqrt.o
        86          0          0          0          0          0   __dczerorl2.o
         0          0          0          0          0          0   entry.o
         0          0          0          0          0          0   entry10a.o
         0          0          0          0          0          0   entry11a.o
         8          4          0          0          0          0   entry2.o
         4          0          0          0          0          0   entry5.o
         0          0          0          0          0          0   entry7b.o
         0          0          0          0          0          0   entry8b.o
         8          4          0          0          0          0   entry9a.o
        12          6          0          4          0         60   errno.o
        30          0          0          0          0          0   handlers.o
        40          0          0          0          0         72   idiv.o
        36          8          0          0          0         68   init.o
         0          0          0          0          0          0   iusefp.o
        32          0          0          0          0         68   llshl.o
        38          0          0          0          0         68   llsshr.o
        34          0          0          0          0         68   llushr.o
        36          0          0          0          0         60   memcpya.o
        36          0          0          0          0        100   memseta.o
       764         52          0          0          0        168   printf5.o
         0          0          0          4          0          0   stdout.o
        44          0          0          0          0         72   uidiv.o
        96          0          0          0          0         84   uldiv.o
        40          2          0          0          0         68   cdcmple.o
        40          2          0          0          0         68   cdrcmple.o
       356          4          0          0          0        140   dadd.o
       240          6          0          0          0         84   ddiv.o
       236          0          0          0          0        216   depilogue.o
        72         10          0          0          0         72   dfixi.o
        60         10          0          0          0         68   dfixui.o
        40          6          0          0          0         68   dflti.o
        28          4          0          0          0         68   dfltui.o
        28          6          0          0          0         68   dfltul.o
       208          6          0          0          0         88   dmul.o
       124         10          0          0          0         76   drnd.o
        44          0          0          0          0         72   dscalb.o
       162          0          0          0          0         80   dsqrt.o
        40          0          0          0          0         60   f2d.o
       178          0          0          0          0        108   fadd.o
       130          0          0          0          0        144   fepilogue.o
        14          0          0          0          0         68   ffltui.o

    ----------------------------------------------------------------------
      6844        414        144          8          0       3600   Library Totals
         8          0          0          0          0          0   (incl. Padding)

    ----------------------------------------------------------------------

      Code (inc. data)   RO Data    RW Data    ZI Data      Debug   Library Name

      3492        274        144          0          0       1096   m_ps.l
      1304         74          0          8          0        888   mc_p.l
      2040         66          0          0          0       1616   mf_p.l

    ----------------------------------------------------------------------
      6844        414        144          8          0       3600   Library Totals

    ----------------------------------------------------------------------

==============================================================================


      Code (inc. data)   RO Data    RW Data    ZI Data      Debug   

     51470       4478       2698        472       6184     638587   Grand Totals
     51470       4478       2698         88       6184     638587   ELF Image Totals (compressed)
     51470       4478       2698         88          0          0   ROM Totals

==============================================================================

    Total RO  Size (Code + RO Data)                54168 (  52.90kB)
    Total RW  Size (RW Data + ZI Data)              6656 (   6.50kB)
    Total ROM Size (Code + RO Data + RW Data)      54256 (  52.98kB)

==============================================================================

